core_cm3.h:1480:22:__NVIC_SetPriorityGrouping	24	static
core_cm3.h:1499:26:__NVIC_GetPriorityGrouping	4	static
core_cm3.h:1511:22:__NVIC_EnableIRQ	16	static
core_cm3.h:1639:22:__NVIC_SetPriority	16	static
core_cm3.h:1686:26:NVIC_EncodePriority	40	static
stm32f1xx_ll_dma.h:454:22:LL_DMA_EnableChannel	16	static
stm32f1xx_ll_dma.h:553:22:LL_DMA_SetDataTransferDirection	24	static
stm32f1xx_ll_dma.h:602:22:LL_DMA_SetMode	24	static
stm32f1xx_ll_dma.h:647:22:LL_DMA_SetPeriphIncMode	24	static
stm32f1xx_ll_dma.h:692:22:LL_DMA_SetMemoryIncMode	24	static
stm32f1xx_ll_dma.h:738:22:LL_DMA_SetPeriphSize	24	static
stm32f1xx_ll_dma.h:785:22:LL_DMA_SetMemorySize	24	static
stm32f1xx_ll_dma.h:833:22:LL_DMA_SetChannelPriorityLevel	24	static
stm32f1xx_ll_dma.h:880:22:LL_DMA_SetDataLength	24	static
stm32f1xx_ll_dma.h:965:22:LL_DMA_SetMemoryAddress	24	static
stm32f1xx_ll_dma.h:987:22:LL_DMA_SetPeriphAddress	24	static
stm32f1xx_ll_dma.h:1537:22:LL_DMA_ClearFlag_TC3	16	static
stm32f1xx_ll_dma.h:1581:22:LL_DMA_ClearFlag_TC7	16	static
stm32f1xx_ll_dma.h:1658:22:LL_DMA_ClearFlag_HT7	16	static
stm32f1xx_ll_dma.h:1762:22:LL_DMA_EnableIT_TC	16	static
stm32f1xx_ll_dma.h:1781:22:LL_DMA_EnableIT_HT	16	static
stm32f1xx_ll_rcc.h:774:22:LL_RCC_HSE_Enable	4	static
stm32f1xx_ll_rcc.h:794:26:LL_RCC_HSE_IsReady	4	static
stm32f1xx_ll_rcc.h:1014:22:LL_RCC_SetSysClkSource	16	static
stm32f1xx_ll_rcc.h:1027:26:LL_RCC_GetSysClkSource	4	static
stm32f1xx_ll_rcc.h:1047:22:LL_RCC_SetAHBPrescaler	16	static
stm32f1xx_ll_rcc.h:1063:22:LL_RCC_SetAPB1Prescaler	16	static
stm32f1xx_ll_rcc.h:1079:22:LL_RCC_SetAPB2Prescaler	16	static
stm32f1xx_ll_rcc.h:1387:22:LL_RCC_PLL_Enable	4	static
stm32f1xx_ll_rcc.h:1408:26:LL_RCC_PLL_IsReady	4	static
stm32f1xx_ll_rcc.h:1477:22:LL_RCC_PLL_ConfigDomain_SYS	16	static
stm32f1xx_ll_bus.h:269:22:LL_AHB1_GRP1_EnableClock	24	static
stm32f1xx_ll_bus.h:447:22:LL_APB1_GRP1_EnableClock	24	static
stm32f1xx_ll_bus.h:763:22:LL_APB2_GRP1_EnableClock	24	static
stm32f1xx_ll_system.h:470:22:LL_FLASH_SetLatency	16	static
stm32f1xx_ll_system.h:483:26:LL_FLASH_GetLatency	4	static
stm32f1xx_ll_cortex.h:244:22:LL_SYSTICK_SetClkSource	16	static
stm32f1xx_ll_spi.h:290:22:LL_SPI_Enable	16	static
stm32f1xx_ll_spi.h:957:22:LL_SPI_DisableDMAReq_RX	16	static
stm32f1xx_ll_spi.h:979:22:LL_SPI_EnableDMAReq_TX	16	static
stm32f1xx_ll_tim.h:1007:22:LL_TIM_EnableCounter	16	static
stm32f1xx_ll_tim.h:1083:22:LL_TIM_SetUpdateSource	16	static
stm32f1xx_ll_tim.h:1189:22:LL_TIM_DisableARRPreload	16	static
stm32f1xx_ll_tim.h:1473:22:LL_TIM_CC_EnableChannel	16	static
stm32f1xx_ll_tim.h:1786:22:LL_TIM_OC_DisableFast	24	static
stm32f1xx_ll_tim.h:1830:22:LL_TIM_OC_EnablePreload	24	static
stm32f1xx_ll_tim.h:2512:22:LL_TIM_SetClockSource	16	static
stm32f1xx_ll_tim.h:2558:22:LL_TIM_SetTriggerOutput	16	static
stm32f1xx_ll_tim.h:2624:22:LL_TIM_DisableMasterSlaveMode	16	static
stm32f1xx_ll_tim.h:2813:22:LL_TIM_EnableAllOutputs	16	static
stm32f1xx_ll_tim.h:2923:22:LL_TIM_ClearFlag_UPDATE	16	static
stm32f1xx_ll_tim.h:3194:22:LL_TIM_EnableIT_UPDATE	16	static
stm32f1xx_ll_tim.h:3465:22:LL_TIM_EnableDMAReq_UPDATE	16	static
stm32f1xx_ll_gpio.h:804:22:LL_GPIO_SetOutputPin	16	static
stm32f1xx_ll_gpio.h:833:22:LL_GPIO_ResetOutputPin	16	static
stm32f1xx_ll_gpio.h:1563:22:LL_GPIO_AF_Remap_SWJ_NOJTAG	4	static
main.c:142:5:main	24	static
main.c:299:6:SystemClock_Config	8	static
main.c:342:13:MX_SPI1_Init	72	static
main.c:410:13:MX_SPI2_Init	72	static
main.c:483:13:MX_TIM1_Init	104	static
main.c:551:13:MX_TIM2_Init	32	static
main.c:586:13:MX_TIM3_Init	32	static
main.c:625:13:MX_TIM4_Init	32	static
main.c:675:13:MX_DMA_Init	8	static
main.c:697:13:MX_GPIO_Init	32	static
main.c:753:6:Error_Handler	4	static
