core_cm3.h:1511:22:__NVIC_EnableIRQ	16	static
core_cm3.h:1547:22:__NVIC_DisableIRQ	16	static,ignoring_inline_asm
stm32f1xx_ll_dma.h:454:22:LL_DMA_EnableChannel	16	static
stm32f1xx_ll_dma.h:473:22:LL_DMA_DisableChannel	16	static
stm32f1xx_ll_dma.h:880:22:LL_DMA_SetDataLength	24	static
stm32f1xx_ll_dma.h:965:22:LL_DMA_SetMemoryAddress	24	static
stm32f1xx_ll_dma.h:1537:22:LL_DMA_ClearFlag_TC3	16	static
stm32f1xx_ll_dma.h:1581:22:LL_DMA_ClearFlag_TC7	16	static
stm32f1xx_ll_dma.h:1658:22:LL_DMA_ClearFlag_HT7	16	static
stm32f1xx_ll_dma.h:1819:22:LL_DMA_DisableIT_TC	16	static
stm32f1xx_ll_tim.h:1007:22:LL_TIM_EnableCounter	16	static
stm32f1xx_ll_tim.h:1018:22:LL_TIM_DisableCounter	16	static
stm32f1xx_ll_tim.h:1247:22:LL_TIM_SetCounter	16	static
stm32f1xx_ll_tim.h:2923:22:LL_TIM_ClearFlag_UPDATE	16	static
stm32f1xx_it.c:70:6:NMI_Handler	4	static
stm32f1xx_it.c:83:6:HardFault_Handler	4	static
stm32f1xx_it.c:98:6:MemManage_Handler	4	static
stm32f1xx_it.c:113:6:BusFault_Handler	4	static
stm32f1xx_it.c:128:6:UsageFault_Handler	4	static
stm32f1xx_it.c:143:6:SVC_Handler	4	static
stm32f1xx_it.c:156:6:DebugMon_Handler	4	static
stm32f1xx_it.c:169:6:PendSV_Handler	4	static
stm32f1xx_it.c:182:6:SysTick_Handler	4	static
stm32f1xx_it.c:203:6:DMA1_Channel3_IRQHandler	16	static
stm32f1xx_it.c:262:6:DMA1_Channel7_IRQHandler	24	static
stm32f1xx_it.c:298:6:TIM3_IRQHandler	8	static
