22:15:05 **** Incremental Build of configuration Debug for project Test1 ****
make -j4 all 
arm-none-eabi-gcc "../Libraries/Src/diskio.c" -mcpu=cortex-m3 -std=gnu11 -g3 '-DVDD_VALUE=3300' '-DHSE_VALUE=8000000' -DSTM32F103xB '-DLSI_VALUE=40000' '-DHSI_VALUE=8000000' '-DHSE_STARTUP_TIMEOUT=100' -DUSE_FULL_LL_DRIVER -DDEBUG '-DLSE_STARTUP_TIMEOUT=5000' '-DLSE_VALUE=32768' '-DPREFETCH_ENABLE=1' -c -I../Drivers/CMSIS/Device/ST/STM32F1xx/Include -I../Drivers/CMSIS/Include -I../Core/Inc -I../Drivers/STM32F1xx_HAL_Driver/Inc -I../Libraries/Inc -O0 -ffunction-sections -fdata-sections -Wall -fstack-usage -MMD -MP -MF"Libraries/Src/diskio.d" -MT"Libraries/Src/diskio.o" --specs=nano.specs -mfloat-abi=soft -mthumb -o "Libraries/Src/diskio.o"
arm-none-eabi-gcc "../Core/Src/main.c" -mcpu=cortex-m3 -std=gnu11 -g3 '-DVDD_VALUE=3300' '-DHSE_VALUE=8000000' -DSTM32F103xB '-DLSI_VALUE=40000' '-DHSI_VALUE=8000000' '-DHSE_STARTUP_TIMEOUT=100' -DUSE_FULL_LL_DRIVER -DDEBUG '-DLSE_STARTUP_TIMEOUT=5000' '-DLSE_VALUE=32768' '-DPREFETCH_ENABLE=1' -c -I../Drivers/CMSIS/Device/ST/STM32F1xx/Include -I../Drivers/CMSIS/Include -I../Core/Inc -I../Drivers/STM32F1xx_HAL_Driver/Inc -I../Libraries/Inc -O0 -ffunction-sections -fdata-sections -Wall -fstack-usage -MMD -MP -MF"Core/Src/main.d" -MT"Core/Src/main.o" --specs=nano.specs -mfloat-abi=soft -mthumb -o "Core/Src/main.o"
../Libraries/Src/diskio.c: In function 'disk_read':
../Libraries/Src/diskio.c:177:51: warning: passing argument 3 of 'LL_DMA_SetMemoryAddress' makes integer from pointer without a cast [-Wint-conversion]
   LL_DMA_SetMemoryAddress(DMA1, LL_DMA_CHANNEL_4, buff+(512U*j));
                                                   ^~~~
In file included from ../Core/Inc/main.h:31:0,
                 from ../Libraries/Inc/diskio.h:12,
                 from ../Libraries/Src/diskio.c:11:
../Drivers/STM32F1xx_HAL_Driver/Inc/stm32f1xx_ll_dma.h:965:22: note: expected 'uint32_t {aka long unsigned int}' but argument is of type 'BYTE * {aka unsigned char *}'
 __STATIC_INLINE void LL_DMA_SetMemoryAddress(DMA_TypeDef *DMAx, uint32_t Channel, uint32_t MemoryAddress)
                      ^~~~~~~~~~~~~~~~~~~~~~~
../Core/Src/main.c: In function 'main':
../Core/Src/main.c:199:51: warning: passing argument 3 of 'LL_DMA_SetPeriphAddress' makes integer from pointer without a cast [-Wint-conversion]
   LL_DMA_SetPeriphAddress(DMA1, LL_DMA_CHANNEL_7, &TIM1->CCR1);
                                                   ^
In file included from ../Core/Inc/main.h:31:0,
                 from ../Core/Src/main.c:22:
../Drivers/STM32F1xx_HAL_Driver/Inc/stm32f1xx_ll_dma.h:987:22: note: expected 'uint32_t {aka long unsigned int}' but argument is of type 'volatile uint32_t * {aka volatile long unsigned int *}'
 __STATIC_INLINE void LL_DMA_SetPeriphAddress(DMA_TypeDef *DMAx, uint32_t Channel, uint32_t PeriphAddress)
                      ^~~~~~~~~~~~~~~~~~~~~~~
../Core/Src/main.c:200:51: warning: passing argument 3 of 'LL_DMA_SetMemoryAddress' makes integer from pointer without a cast [-Wint-conversion]
   LL_DMA_SetMemoryAddress(DMA1, LL_DMA_CHANNEL_7, &musicBuffer);
                                                   ^
In file included from ../Core/Inc/main.h:31:0,
                 from ../Core/Src/main.c:22:
../Drivers/STM32F1xx_HAL_Driver/Inc/stm32f1xx_ll_dma.h:965:22: note: expected 'uint32_t {aka long unsigned int}' but argument is of type 'uint8_t (*)[4096] {aka unsigned char (*)[4096]}'
 __STATIC_INLINE void LL_DMA_SetMemoryAddress(DMA_TypeDef *DMAx, uint32_t Channel, uint32_t MemoryAddress)
                      ^~~~~~~~~~~~~~~~~~~~~~~
../Core/Src/main.c:211:51: warning: passing argument 3 of 'LL_DMA_SetPeriphAddress' makes integer from pointer without a cast [-Wint-conversion]
   LL_DMA_SetPeriphAddress(DMA1, LL_DMA_CHANNEL_3, &SPI1->DR);
                                                   ^
In file included from ../Core/Inc/main.h:31:0,
                 from ../Core/Src/main.c:22:
../Drivers/STM32F1xx_HAL_Driver/Inc/stm32f1xx_ll_dma.h:987:22: note: expected 'uint32_t {aka long unsigned int}' but argument is of type 'volatile uint32_t * {aka volatile long unsigned int *}'
 __STATIC_INLINE void LL_DMA_SetPeriphAddress(DMA_TypeDef *DMAx, uint32_t Channel, uint32_t PeriphAddress)
                      ^~~~~~~~~~~~~~~~~~~~~~~
../Core/Src/main.c:219:51: warning: passing argument 3 of 'LL_DMA_SetPeriphAddress' makes integer from pointer without a cast [-Wint-conversion]
   LL_DMA_SetPeriphAddress(DMA1, LL_DMA_CHANNEL_4, &SPI2->DR);
                                                   ^
In file included from ../Core/Inc/main.h:31:0,
                 from ../Core/Src/main.c:22:
../Drivers/STM32F1xx_HAL_Driver/Inc/stm32f1xx_ll_dma.h:987:22: note: expected 'uint32_t {aka long unsigned int}' but argument is of type 'volatile uint32_t * {aka volatile long unsigned int *}'
 __STATIC_INLINE void LL_DMA_SetPeriphAddress(DMA_TypeDef *DMAx, uint32_t Channel, uint32_t PeriphAddress)
                      ^~~~~~~~~~~~~~~~~~~~~~~
../Core/Src/main.c:253:51: warning: passing argument 3 of 'LL_DMA_SetMemoryAddress' makes integer from pointer without a cast [-Wint-conversion]
   LL_DMA_SetMemoryAddress(DMA1, LL_DMA_CHANNEL_3, vid_buffer[0]);
                                                   ^~~~~~~~~~
In file included from ../Core/Inc/main.h:31:0,
                 from ../Core/Src/main.c:22:
../Drivers/STM32F1xx_HAL_Driver/Inc/stm32f1xx_ll_dma.h:965:22: note: expected 'uint32_t {aka long unsigned int}' but argument is of type 'uint8_t * {aka unsigned char *}'
 __STATIC_INLINE void LL_DMA_SetMemoryAddress(DMA_TypeDef *DMAx, uint32_t Channel, uint32_t MemoryAddress)
                      ^~~~~~~~~~~~~~~~~~~~~~~
arm-none-eabi-gcc -o "Test1.elf" @"objects.list"   -mcpu=cortex-m3 -T"F:\stm32\STM32 SSD1351 + Music\Eclipse Workbench\Test1\STM32F103C8TX_FLASH.ld" --specs=nosys.specs -Wl,-Map="Test1.map" -Wl,--gc-sections -static --specs=nano.specs -mfloat-abi=soft -mthumb -Wl,--start-group -lc -lm -Wl,--end-group
Finished building target: Test1.elf
 
arm-none-eabi-objdump -h -S  Test1.elf  > "Test1.list"
arm-none-eabi-objcopy  -O binary  Test1.elf  "Test1.bin"
arm-none-eabi-size   Test1.elf 
   text	   data	    bss	    dec	    hex	filename
  16776	     12	  10476	  27264	   6a80	Test1.elf
Finished building: default.size.stdout
 
Finished building: Test1.bin
 
Finished building: Test1.list
 

22:15:08 Build Finished. 0 errors, 6 warnings. (took 2s.858ms)

