display.c:6:6:OLED_Driver_Write_Command	8	static
display.c:14:6:OLED_Driver_Write_Data	8	static
display.c:22:6:OLED_Driver_Set_Color	8	static
display.c:29:6:OLED_Driver_Set_FillColor	8	static
display.c:34:6:OLED_Driver_RAM_Address	16	static
display.c:47:6:OLED_Driver_CUSTOM_RAM_Address	24	static
display.c:60:6:OLED_Driver_Clear_Screen	16	static
display.c:77:6:OLED_Driver_Fill_Color	32	static
display.c:93:6:OLED_Driver_Set_Coordinate	16	static
display.c:112:6:OLED_Driver_Set_Address	24	static
display.c:147:7:OLED_Driver_Invert	8	static
display.c:156:6:OLED_Driver_Draw_Pixel	8	static
display.c:171:6:OLED_Driver_Device_Init	16	static
display.c:287:6:OLED_Driver_Draw_FastHLine	24	static
display.c:322:6:OLED_Driver_Draw_FastVLine	24	static
