Archive member included to satisfy reference by file (symbol)

/opt/st/stm32cubeide_1.1.0/plugins/com.st.stm32cube.ide.mcu.externaltools.gnu-tools-for-stm32.7-2018-q2-update.linux64_1.0.0.201904181610/tools/bin/../lib/gcc/arm-none-eabi/7.3.1/../../../../arm-none-eabi/lib/thumb/v7-m/libc_nano.a(lib_a-errno.o)
                              Core/Src/syscalls.o (__errno)
/opt/st/stm32cubeide_1.1.0/plugins/com.st.stm32cube.ide.mcu.externaltools.gnu-tools-for-stm32.7-2018-q2-update.linux64_1.0.0.201904181610/tools/bin/../lib/gcc/arm-none-eabi/7.3.1/../../../../arm-none-eabi/lib/thumb/v7-m/libc_nano.a(lib_a-exit.o)
                              /opt/st/stm32cubeide_1.1.0/plugins/com.st.stm32cube.ide.mcu.externaltools.gnu-tools-for-stm32.7-2018-q2-update.linux64_1.0.0.201904181610/tools/bin/../lib/gcc/arm-none-eabi/7.3.1/../../../../arm-none-eabi/lib/thumb/v7-m/crt0.o (exit)
/opt/st/stm32cubeide_1.1.0/plugins/com.st.stm32cube.ide.mcu.externaltools.gnu-tools-for-stm32.7-2018-q2-update.linux64_1.0.0.201904181610/tools/bin/../lib/gcc/arm-none-eabi/7.3.1/../../../../arm-none-eabi/lib/thumb/v7-m/libc_nano.a(lib_a-impure.o)
                              /opt/st/stm32cubeide_1.1.0/plugins/com.st.stm32cube.ide.mcu.externaltools.gnu-tools-for-stm32.7-2018-q2-update.linux64_1.0.0.201904181610/tools/bin/../lib/gcc/arm-none-eabi/7.3.1/../../../../arm-none-eabi/lib/thumb/v7-m/libc_nano.a(lib_a-exit.o) (_global_impure_ptr)
/opt/st/stm32cubeide_1.1.0/plugins/com.st.stm32cube.ide.mcu.externaltools.gnu-tools-for-stm32.7-2018-q2-update.linux64_1.0.0.201904181610/tools/bin/../lib/gcc/arm-none-eabi/7.3.1/../../../../arm-none-eabi/lib/thumb/v7-m/libc_nano.a(lib_a-init.o)
                              /opt/st/stm32cubeide_1.1.0/plugins/com.st.stm32cube.ide.mcu.externaltools.gnu-tools-for-stm32.7-2018-q2-update.linux64_1.0.0.201904181610/tools/bin/../lib/gcc/arm-none-eabi/7.3.1/../../../../arm-none-eabi/lib/thumb/v7-m/crt0.o (__libc_init_array)
/opt/st/stm32cubeide_1.1.0/plugins/com.st.stm32cube.ide.mcu.externaltools.gnu-tools-for-stm32.7-2018-q2-update.linux64_1.0.0.201904181610/tools/bin/../lib/gcc/arm-none-eabi/7.3.1/../../../../arm-none-eabi/lib/thumb/v7-m/libc_nano.a(lib_a-memset.o)
                              /opt/st/stm32cubeide_1.1.0/plugins/com.st.stm32cube.ide.mcu.externaltools.gnu-tools-for-stm32.7-2018-q2-update.linux64_1.0.0.201904181610/tools/bin/../lib/gcc/arm-none-eabi/7.3.1/../../../../arm-none-eabi/lib/thumb/v7-m/crt0.o (memset)

Allocating common symbols
Common symbol       size              file

end_of_video_file   0x1               Core/Src/main.o
audio_fil           0x220             Core/Src/main.o
vid_number_of_send  0x4               Core/Src/main.o
color_fill_byte     0x2               Libraries/Src/display.o
musicBuffer         0x1000            Core/Src/main.o
color_byte          0x2               Libraries/Src/display.o
filename            0x32              Core/Src/main.o
video_bufferCount   0x4               Core/Src/main.o
vid_buffer          0xc00             Core/Src/main.o
returneddata        0x14              Libraries/Src/diskio.o
vid_fil             0x220             Core/Src/main.o
music_bufferCount   0x4               Core/Src/main.o
fatfs_handler       0x228             Core/Src/main.o
end_of_music_file   0x1               Core/Src/main.o

Discarded input sections

 .text          0x0000000000000000        0x0 /opt/st/stm32cubeide_1.1.0/plugins/com.st.stm32cube.ide.mcu.externaltools.gnu-tools-for-stm32.7-2018-q2-update.linux64_1.0.0.201904181610/tools/bin/../lib/gcc/arm-none-eabi/7.3.1/thumb/v7-m/crti.o
 .data          0x0000000000000000        0x0 /opt/st/stm32cubeide_1.1.0/plugins/com.st.stm32cube.ide.mcu.externaltools.gnu-tools-for-stm32.7-2018-q2-update.linux64_1.0.0.201904181610/tools/bin/../lib/gcc/arm-none-eabi/7.3.1/thumb/v7-m/crti.o
 .bss           0x0000000000000000        0x0 /opt/st/stm32cubeide_1.1.0/plugins/com.st.stm32cube.ide.mcu.externaltools.gnu-tools-for-stm32.7-2018-q2-update.linux64_1.0.0.201904181610/tools/bin/../lib/gcc/arm-none-eabi/7.3.1/thumb/v7-m/crti.o
 .data          0x0000000000000000        0x4 /opt/st/stm32cubeide_1.1.0/plugins/com.st.stm32cube.ide.mcu.externaltools.gnu-tools-for-stm32.7-2018-q2-update.linux64_1.0.0.201904181610/tools/bin/../lib/gcc/arm-none-eabi/7.3.1/thumb/v7-m/crtbegin.o
 .text          0x0000000000000000       0x74 /opt/st/stm32cubeide_1.1.0/plugins/com.st.stm32cube.ide.mcu.externaltools.gnu-tools-for-stm32.7-2018-q2-update.linux64_1.0.0.201904181610/tools/bin/../lib/gcc/arm-none-eabi/7.3.1/../../../../arm-none-eabi/lib/thumb/v7-m/crt0.o
 .data          0x0000000000000000        0x0 /opt/st/stm32cubeide_1.1.0/plugins/com.st.stm32cube.ide.mcu.externaltools.gnu-tools-for-stm32.7-2018-q2-update.linux64_1.0.0.201904181610/tools/bin/../lib/gcc/arm-none-eabi/7.3.1/../../../../arm-none-eabi/lib/thumb/v7-m/crt0.o
[...]
Memory Configuration

Name             Origin             Length             Attributes
RAM              0x0000000020000000 0x0000000000005000 xrw
FLASH            0x0000000008000000 0x0000000000010000 xr
*default*        0x0000000000000000 0xffffffffffffffff

Linker script and memory map

LOAD /opt/st/stm32cubeide_1.1.0/plugins/com.st.stm32cube.ide.mcu.externaltools.gnu-tools-for-stm32.7-2018-q2-update.linux64_1.0.0.201904181610/tools/bin/../lib/gcc/arm-none-eabi/7.3.1/thumb/v7-m/crti.o
LOAD /opt/st/stm32cubeide_1.1.0/plugins/com.st.stm32cube.ide.mcu.externaltools.gnu-tools-for-stm32.7-2018-q2-update.linux64_1.0.0.201904181610/tools/bin/../lib/gcc/arm-none-eabi/7.3.1/thumb/v7-m/crtbegin.o
LOAD /opt/st/stm32cubeide_1.1.0/plugins/com.st.stm32cube.ide.mcu.externaltools.gnu-tools-for-stm32.7-2018-q2-update.linux64_1.0.0.201904181610/tools/bin/../lib/gcc/arm-none-eabi/7.3.1/../../../../arm-none-eabi/lib/thumb/v7-m/crt0.o
LOAD Core/Src/main.o
LOAD Core/Src/stm32f1xx_it.o
LOAD Core/Src/syscalls.o
LOAD Core/Src/sysmem.o
LOAD Core/Src/system_stm32f1xx.o
LOAD Core/Startup/startup_stm32f103c8tx.o
LOAD Drivers/STM32F1xx_HAL_Driver/Src/stm32f1xx_ll_dma.o
LOAD Drivers/STM32F1xx_HAL_Driver/Src/stm32f1xx_ll_exti.o
LOAD Drivers/STM32F1xx_HAL_Driver/Src/stm32f1xx_ll_gpio.o
LOAD Drivers/STM32F1xx_HAL_Driver/Src/stm32f1xx_ll_pwr.o
LOAD Drivers/STM32F1xx_HAL_Driver/Src/stm32f1xx_ll_rcc.o
LOAD Drivers/STM32F1xx_HAL_Driver/Src/stm32f1xx_ll_spi.o
LOAD Drivers/STM32F1xx_HAL_Driver/Src/stm32f1xx_ll_tim.o
LOAD Drivers/STM32F1xx_HAL_Driver/Src/stm32f1xx_ll_utils.o
LOAD Libraries/Src/delay.o
LOAD Libraries/Src/diskio.o
LOAD Libraries/Src/display.o
LOAD Libraries/Src/ff.o
LOAD Libraries/Src/ffsystem.o
LOAD Libraries/Src/ffunicode.o
START GROUP
LOAD /opt/st/stm32cubeide_1.1.0/plugins/com.st.stm32cube.ide.mcu.externaltools.gnu-tools-for-stm32.7-2018-q2-update.linux64_1.0.0.201904181610/tools/bin/../lib/gcc/arm-none-eabi/7.3.1/../../../../arm-none-eabi/lib/thumb/v7-m/libc_nano.a
LOAD /opt/st/stm32cubeide_1.1.0/plugins/com.st.stm32cube.ide.mcu.externaltools.gnu-tools-for-stm32.7-2018-q2-update.linux64_1.0.0.201904181610/tools/bin/../lib/gcc/arm-none-eabi/7.3.1/../../../../arm-none-eabi/lib/thumb/v7-m/libm.a
END GROUP
START GROUP
LOAD /opt/st/stm32cubeide_1.1.0/plugins/com.st.stm32cube.ide.mcu.externaltools.gnu-tools-for-stm32.7-2018-q2-update.linux64_1.0.0.201904181610/tools/bin/../lib/gcc/arm-none-eabi/7.3.1/thumb/v7-m/libgcc.a
LOAD /opt/st/stm32cubeide_1.1.0/plugins/com.st.stm32cube.ide.mcu.externaltools.gnu-tools-for-stm32.7-2018-q2-update.linux64_1.0.0.201904181610/tools/bin/../lib/gcc/arm-none-eabi/7.3.1/../../../../arm-none-eabi/lib/thumb/v7-m/libc_nano.a
END GROUP
START GROUP
LOAD /opt/st/stm32cubeide_1.1.0/plugins/com.st.stm32cube.ide.mcu.externaltools.gnu-tools-for-stm32.7-2018-q2-update.linux64_1.0.0.201904181610/tools/bin/../lib/gcc/arm-none-eabi/7.3.1/thumb/v7-m/libgcc.a
LOAD /opt/st/stm32cubeide_1.1.0/plugins/com.st.stm32cube.ide.mcu.externaltools.gnu-tools-for-stm32.7-2018-q2-update.linux64_1.0.0.201904181610/tools/bin/../lib/gcc/arm-none-eabi/7.3.1/../../../../arm-none-eabi/lib/thumb/v7-m/libc_nano.a
LOAD /opt/st/stm32cubeide_1.1.0/plugins/com.st.stm32cube.ide.mcu.externaltools.gnu-tools-for-stm32.7-2018-q2-update.linux64_1.0.0.201904181610/tools/bin/../lib/gcc/arm-none-eabi/7.3.1/../../../../arm-none-eabi/lib/thumb/v7-m/libnosys.a
END GROUP
START GROUP
LOAD /opt/st/stm32cubeide_1.1.0/plugins/com.st.stm32cube.ide.mcu.externaltools.gnu-tools-for-stm32.7-2018-q2-update.linux64_1.0.0.201904181610/tools/bin/../lib/gcc/arm-none-eabi/7.3.1/thumb/v7-m/libgcc.a
LOAD /opt/st/stm32cubeide_1.1.0/plugins/com.st.stm32cube.ide.mcu.externaltools.gnu-tools-for-stm32.7-2018-q2-update.linux64_1.0.0.201904181610/tools/bin/../lib/gcc/arm-none-eabi/7.3.1/../../../../arm-none-eabi/lib/thumb/v7-m/libc_nano.a
LOAD /opt/st/stm32cubeide_1.1.0/plugins/com.st.stm32cube.ide.mcu.externaltools.gnu-tools-for-stm32.7-2018-q2-update.linux64_1.0.0.201904181610/tools/bin/../lib/gcc/arm-none-eabi/7.3.1/../../../../arm-none-eabi/lib/thumb/v7-m/libnosys.a
END GROUP
LOAD /opt/st/stm32cubeide_1.1.0/plugins/com.st.stm32cube.ide.mcu.externaltools.gnu-tools-for-stm32.7-2018-q2-update.linux64_1.0.0.201904181610/tools/bin/../lib/gcc/arm-none-eabi/7.3.1/thumb/v7-m/crtend.o
LOAD /opt/st/stm32cubeide_1.1.0/plugins/com.st.stm32cube.ide.mcu.externaltools.gnu-tools-for-stm32.7-2018-q2-update.linux64_1.0.0.201904181610/tools/bin/../lib/gcc/arm-none-eabi/7.3.1/thumb/v7-m/crtn.o
                0x0000000020005000                _estack = (ORIGIN (RAM) + LENGTH (RAM))
                0x0000000000000200                _Min_Heap_Size = 0x200
                0x0000000000000400                _Min_Stack_Size = 0x400

.isr_vector     0x0000000008000000      0x10c
                0x0000000008000000                . = ALIGN (0x4)
 *(.isr_vector)
 .isr_vector    0x0000000008000000      0x10c Core/Startup/startup_stm32f103c8tx.o
                0x0000000008000000                g_pfnVectors
                0x000000000800010c                . = ALIGN (0x4)

.text           0x000000000800010c     0x2204
                0x000000000800010c                . = ALIGN (0x4)
 *(.text)
 .text          0x000000000800010c       0x40 /opt/st/stm32cubeide_1.1.0/plugins/com.st.stm32cube.ide.mcu.externaltools.gnu-tools-for-stm32.7-2018-q2-update.linux64_1.0.0.201904181610/tools/bin/../lib/gcc/arm-none-eabi/7.3.1/thumb/v7-m/crtbegin.o
 *(.text*)
 .text.SystemClock_Config
                0x000000000800014c       0x98 Core/Src/main.o
                0x000000000800014c                SystemClock_Config
 .text.main     0x00000000080001e4      0x8e0 Core/Src/main.o
                0x00000000080001e4                main
 .text.NMI_Handler
                0x0000000008000ac4        0x2 Core/Src/stm32f1xx_it.o
                0x0000000008000ac4                NMI_Handler
 .text.HardFault_Handler
                0x0000000008000ac6        0x2 Core/Src/stm32f1xx_it.o
                0x0000000008000ac6                HardFault_Handler
 .text.MemManage_Handler
                0x0000000008000ac8        0x2 Core/Src/stm32f1xx_it.o
                0x0000000008000ac8                MemManage_Handler
 .text.BusFault_Handler
                0x0000000008000aca        0x2 Core/Src/stm32f1xx_it.o
                0x0000000008000aca                BusFault_Handler
 .text.UsageFault_Handler
                0x0000000008000acc        0x2 Core/Src/stm32f1xx_it.o
                0x0000000008000acc                UsageFault_Handler
 .text.SVC_Handler
                0x0000000008000ace        0x2 Core/Src/stm32f1xx_it.o
                0x0000000008000ace                SVC_Handler
 .text.DebugMon_Handler
                0x0000000008000ad0        0x2 Core/Src/stm32f1xx_it.o
                0x0000000008000ad0                DebugMon_Handler
 .text.PendSV_Handler
                0x0000000008000ad2        0x2 Core/Src/stm32f1xx_it.o
                0x0000000008000ad2                PendSV_Handler
 .text.SysTick_Handler
                0x0000000008000ad4        0x2 Core/Src/stm32f1xx_it.o
                0x0000000008000ad4                SysTick_Handler
 *fill*         0x0000000008000ad6        0x2 
 .text.DMA1_Channel3_IRQHandler
                0x0000000008000ad8      0x174 Core/Src/stm32f1xx_it.o
                0x0000000008000ad8                DMA1_Channel3_IRQHandler
 .text.DMA1_Channel7_IRQHandler
                0x0000000008000c4c       0xb8 Core/Src/stm32f1xx_it.o
                0x0000000008000c4c                DMA1_Channel7_IRQHandler
 .text.SystemInit
                0x0000000008000d04       0x4c Core/Src/system_stm32f1xx.o
                0x0000000008000d04                SystemInit
 .text.Reset_Handler
                0x0000000008000d50       0x48 Core/Startup/startup_stm32f103c8tx.o
                0x0000000008000d50                Reset_Handler
 .text.Default_Handler
                0x0000000008000d98        0x2 Core/Startup/startup_stm32f103c8tx.o
                0x0000000008000d98                RTC_Alarm_IRQHandler
                0x0000000008000d98                EXTI2_IRQHandler
                0x0000000008000d98                TIM1_CC_IRQHandler
                0x0000000008000d98                PVD_IRQHandler
                0x0000000008000d98                EXTI3_IRQHandler
                0x0000000008000d98                EXTI0_IRQHandler
                0x0000000008000d98                I2C2_EV_IRQHandler
                0x0000000008000d98                ADC1_2_IRQHandler
                0x0000000008000d98                SPI1_IRQHandler
                0x0000000008000d98                TAMPER_IRQHandler
                0x0000000008000d98                DMA1_Channel4_IRQHandler
                0x0000000008000d98                USART3_IRQHandler
                0x0000000008000d98                RTC_IRQHandler
                0x0000000008000d98                CAN1_RX1_IRQHandler
                0x0000000008000d98                TIM4_IRQHandler
                0x0000000008000d98                I2C1_EV_IRQHandler
                0x0000000008000d98                DMA1_Channel6_IRQHandler
                0x0000000008000d98                TIM3_IRQHandler
                0x0000000008000d98                RCC_IRQHandler
                0x0000000008000d98                TIM1_TRG_COM_IRQHandler
                0x0000000008000d98                DMA1_Channel1_IRQHandler
                0x0000000008000d98                Default_Handler
                0x0000000008000d98                EXTI15_10_IRQHandler
                0x0000000008000d98                EXTI9_5_IRQHandler
                0x0000000008000d98                SPI2_IRQHandler
                0x0000000008000d98                DMA1_Channel5_IRQHandler
                0x0000000008000d98                EXTI4_IRQHandler
                0x0000000008000d98                USB_LP_CAN1_RX0_IRQHandler
                0x0000000008000d98                USB_HP_CAN1_TX_IRQHandler
                0x0000000008000d98                TIM1_UP_IRQHandler
                0x0000000008000d98                WWDG_IRQHandler
                0x0000000008000d98                TIM2_IRQHandler
                0x0000000008000d98                TIM1_BRK_IRQHandler
                0x0000000008000d98                EXTI1_IRQHandler
                0x0000000008000d98                USART2_IRQHandler
                0x0000000008000d98                I2C2_ER_IRQHandler
                0x0000000008000d98                DMA1_Channel2_IRQHandler
                0x0000000008000d98                CAN1_SCE_IRQHandler
                0x0000000008000d98                FLASH_IRQHandler
                0x0000000008000d98                USART1_IRQHandler
                0x0000000008000d98                I2C1_ER_IRQHandler
                0x0000000008000d98                USBWakeUp_IRQHandler
 .text.LL_GPIO_Init
                0x0000000008000d9a      0x102 Drivers/STM32F1xx_HAL_Driver/Src/stm32f1xx_ll_gpio.o
                0x0000000008000d9a                LL_GPIO_Init
 .text.LL_SPI_Init
                0x0000000008000e9c       0x60 Drivers/STM32F1xx_HAL_Driver/Src/stm32f1xx_ll_spi.o
                0x0000000008000e9c                LL_SPI_Init
 .text.LL_TIM_Init
                0x0000000008000efc       0x80 Drivers/STM32F1xx_HAL_Driver/Src/stm32f1xx_ll_tim.o
                0x0000000008000efc                LL_TIM_Init
 .text.LL_TIM_OC_Init
                0x0000000008000f7c      0x1ac Drivers/STM32F1xx_HAL_Driver/Src/stm32f1xx_ll_tim.o
                0x0000000008000f7c                LL_TIM_OC_Init
 .text.LL_TIM_BDTR_Init
                0x0000000008001128       0x34 Drivers/STM32F1xx_HAL_Driver/Src/stm32f1xx_ll_tim.o
                0x0000000008001128                LL_TIM_BDTR_Init
 .text.LL_Init1msTick
                0x000000000800115c       0x20 Drivers/STM32F1xx_HAL_Driver/Src/stm32f1xx_ll_utils.o
                0x000000000800115c                LL_Init1msTick
 .text.LL_SetSystemCoreClock
                0x000000000800117c        0xc Drivers/STM32F1xx_HAL_Driver/Src/stm32f1xx_ll_utils.o
                0x000000000800117c                LL_SetSystemCoreClock
 .text.initDelay
                0x0000000008001188       0x18 Libraries/Src/delay.o
                0x0000000008001188                initDelay
 .text.delayMs  0x00000000080011a0       0x48 Libraries/Src/delay.o
                0x00000000080011a0                delayMs
 .text.spiTransfer
                0x00000000080011e8       0x28 Libraries/Src/diskio.o
                0x00000000080011e8                spiTransfer
 .text.sendcommandanddummy
                0x0000000008001210       0x68 Libraries/Src/diskio.o
                0x0000000008001210                sendcommandanddummy
 .text.disk_status
                0x0000000008001278        0x4 Libraries/Src/diskio.o
                0x0000000008001278                disk_status
 .text.disk_initialize
                0x000000000800127c      0x16c Libraries/Src/diskio.o
                0x000000000800127c                disk_initialize
 .text.disk_read
                0x00000000080013e8      0x104 Libraries/Src/diskio.o
                0x00000000080013e8                disk_read
 .text.OLED_Driver_Write_Command
                0x00000000080014ec       0x3c Libraries/Src/display.o
                0x00000000080014ec                OLED_Driver_Write_Command
 .text.OLED_Driver_Write_Data
                0x0000000008001528       0x3c Libraries/Src/display.o
                0x0000000008001528                OLED_Driver_Write_Data
 .text.OLED_Driver_RAM_Address
                0x0000000008001564       0x40 Libraries/Src/display.o
                0x0000000008001564                OLED_Driver_RAM_Address
 .text.OLED_Driver_CUSTOM_RAM_Address
                0x00000000080015a4       0x5c Libraries/Src/display.o
                0x00000000080015a4                OLED_Driver_CUSTOM_RAM_Address
 .text.OLED_Driver_Clear_Screen
                0x0000000008001600       0x3c Libraries/Src/display.o
                0x0000000008001600                OLED_Driver_Clear_Screen
 .text.OLED_Driver_Device_Init
                0x000000000800163c      0x204 Libraries/Src/display.o
                0x000000000800163c                OLED_Driver_Device_Init
 .text.ld_dword
                0x0000000008001840       0x16 Libraries/Src/ff.o
 .text.mem_cmp  0x0000000008001856       0x1a Libraries/Src/ff.o
 .text.get_ldnumber
                0x0000000008001870       0x58 Libraries/Src/ff.o
 .text.validate
                0x00000000080018c8       0x48 Libraries/Src/ff.o
 .text.move_window
                0x0000000008001910       0x32 Libraries/Src/ff.o
 .text.get_fat  0x0000000008001942       0xd2 Libraries/Src/ff.o
 .text.dir_sdi  0x0000000008001a14       0xa8 Libraries/Src/ff.o
 .text.check_fs
                0x0000000008001abc       0x78 Libraries/Src/ff.o
 .text.find_volume
                0x0000000008001b34      0x294 Libraries/Src/ff.o
 .text.ld_clust
                0x0000000008001dc8       0x20 Libraries/Src/ff.o
 .text.f_mount  0x0000000008001de8       0x50 Libraries/Src/ff.o
                0x0000000008001de8                f_mount
 .text.f_open   0x0000000008001e38      0x30c Libraries/Src/ff.o
                0x0000000008001e38                f_open
 .text.f_read   0x0000000008002144      0x15c Libraries/Src/ff.o
                0x0000000008002144                f_read
 .text.__libc_init_array
                0x00000000080022a0       0x48 /opt/st/stm32cubeide_1.1.0/plugins/com.st.stm32cube.ide.mcu.externaltools.gnu-tools-for-stm32.7-2018-q2-update.linux64_1.0.0.201904181610/tools/bin/../lib/gcc/arm-none-eabi/7.3.1/../../../../arm-none-eabi/lib/thumb/v7-m/libc_nano.a(lib_a-init.o)
                0x00000000080022a0                __libc_init_array
 .text.memset   0x00000000080022e8       0x10 /opt/st/stm32cubeide_1.1.0/plugins/com.st.stm32cube.ide.mcu.externaltools.gnu-tools-for-stm32.7-2018-q2-update.linux64_1.0.0.201904181610/tools/bin/../lib/gcc/arm-none-eabi/7.3.1/../../../../arm-none-eabi/lib/thumb/v7-m/libc_nano.a(lib_a-memset.o)
                0x00000000080022e8                memset
 *(.glue_7)
 .glue_7        0x00000000080022f8        0x0 linker stubs
 *(.glue_7t)
 .glue_7t       0x00000000080022f8        0x0 linker stubs
 *(.eh_frame)
 .eh_frame      0x00000000080022f8        0x0 /opt/st/stm32cubeide_1.1.0/plugins/com.st.stm32cube.ide.mcu.externaltools.gnu-tools-for-stm32.7-2018-q2-update.linux64_1.0.0.201904181610/tools/bin/../lib/gcc/arm-none-eabi/7.3.1/thumb/v7-m/crtbegin.o
 *(.init)
 .init          0x00000000080022f8        0x4 /opt/st/stm32cubeide_1.1.0/plugins/com.st.stm32cube.ide.mcu.externaltools.gnu-tools-for-stm32.7-2018-q2-update.linux64_1.0.0.201904181610/tools/bin/../lib/gcc/arm-none-eabi/7.3.1/thumb/v7-m/crti.o
                0x00000000080022f8                _init
 .init          0x00000000080022fc        0x8 /opt/st/stm32cubeide_1.1.0/plugins/com.st.stm32cube.ide.mcu.externaltools.gnu-tools-for-stm32.7-2018-q2-update.linux64_1.0.0.201904181610/tools/bin/../lib/gcc/arm-none-eabi/7.3.1/thumb/v7-m/crtn.o
 *(.fini)
 .fini          0x0000000008002304        0x4 /opt/st/stm32cubeide_1.1.0/plugins/com.st.stm32cube.ide.mcu.externaltools.gnu-tools-for-stm32.7-2018-q2-update.linux64_1.0.0.201904181610/tools/bin/../lib/gcc/arm-none-eabi/7.3.1/thumb/v7-m/crti.o
                0x0000000008002304                _fini
 .fini          0x0000000008002308        0x8 /opt/st/stm32cubeide_1.1.0/plugins/com.st.stm32cube.ide.mcu.externaltools.gnu-tools-for-stm32.7-2018-q2-update.linux64_1.0.0.201904181610/tools/bin/../lib/gcc/arm-none-eabi/7.3.1/thumb/v7-m/crtn.o
                0x0000000008002310                . = ALIGN (0x4)
                0x0000000008002310                _etext = .

.vfp11_veneer   0x0000000008002310        0x0
 .vfp11_veneer  0x0000000008002310        0x0 linker stubs

.v4_bx          0x0000000008002310        0x0
 .v4_bx         0x0000000008002310        0x0 linker stubs

.iplt           0x0000000008002310        0x0
 .iplt          0x0000000008002310        0x0 /opt/st/stm32cubeide_1.1.0/plugins/com.st.stm32cube.ide.mcu.externaltools.gnu-tools-for-stm32.7-2018-q2-update.linux64_1.0.0.201904181610/tools/bin/../lib/gcc/arm-none-eabi/7.3.1/thumb/v7-m/crtbegin.o

.rodata         0x0000000008002310       0xb4
                0x0000000008002310                . = ALIGN (0x4)
 *(.rodata)
 *(.rodata*)
 .rodata.main.str1.4
                0x0000000008002310       0x18 Core/Src/main.o
 .rodata.ExCvt  0x0000000008002328       0x80 Libraries/Src/ff.o
 .rodata.check_fs.str1.4
                0x00000000080023a8        0xa Libraries/Src/ff.o
 *fill*         0x00000000080023b2        0x2 
 .rodata.f_open.str1.4
                0x00000000080023b4       0x10 Libraries/Src/ff.o
                                          0xf (size before relaxing)
                0x00000000080023c4                . = ALIGN (0x4)

.rel.dyn        0x00000000080023c4        0x0
 .rel.iplt      0x00000000080023c4        0x0 /opt/st/stm32cubeide_1.1.0/plugins/com.st.stm32cube.ide.mcu.externaltools.gnu-tools-for-stm32.7-2018-q2-update.linux64_1.0.0.201904181610/tools/bin/../lib/gcc/arm-none-eabi/7.3.1/thumb/v7-m/crtbegin.o

.ARM.extab      0x00000000080023c4        0x0
                0x00000000080023c4                . = ALIGN (0x4)
 *(.ARM.extab* .gnu.linkonce.armextab.*)
                0x00000000080023c4                . = ALIGN (0x4)

.ARM            0x00000000080023c4        0x0
                0x00000000080023c4                . = ALIGN (0x4)
                0x00000000080023c4                __exidx_start = .
 *(.ARM.exidx*)
                0x00000000080023c4                __exidx_end = .
                0x00000000080023c4                . = ALIGN (0x4)

.preinit_array  0x00000000080023c4        0x0
                0x00000000080023c4                . = ALIGN (0x4)
                0x00000000080023c4                PROVIDE (__preinit_array_start = .)
 *(.preinit_array*)
                0x00000000080023c4                PROVIDE (__preinit_array_end = .)
                0x00000000080023c4                . = ALIGN (0x4)

.init_array     0x00000000080023c4        0x4
                0x00000000080023c4                . = ALIGN (0x4)
                0x00000000080023c4                PROVIDE (__init_array_start = .)
 *(SORT_BY_NAME(.init_array.*))
 *(.init_array*)
 .init_array    0x00000000080023c4        0x4 /opt/st/stm32cubeide_1.1.0/plugins/com.st.stm32cube.ide.mcu.externaltools.gnu-tools-for-stm32.7-2018-q2-update.linux64_1.0.0.201904181610/tools/bin/../lib/gcc/arm-none-eabi/7.3.1/thumb/v7-m/crtbegin.o
                0x00000000080023c8                PROVIDE (__init_array_end = .)
                0x00000000080023c8                . = ALIGN (0x4)

.fini_array     0x00000000080023c8        0x4
                0x00000000080023c8                . = ALIGN (0x4)
                [!provide]                        PROVIDE (__fini_array_start = .)
 *(SORT_BY_NAME(.fini_array.*))
 *(.fini_array*)
 .fini_array    0x00000000080023c8        0x4 /opt/st/stm32cubeide_1.1.0/plugins/com.st.stm32cube.ide.mcu.externaltools.gnu-tools-for-stm32.7-2018-q2-update.linux64_1.0.0.201904181610/tools/bin/../lib/gcc/arm-none-eabi/7.3.1/thumb/v7-m/crtbegin.o
                [!provide]                        PROVIDE (__fini_array_end = .)
                0x00000000080023cc                . = ALIGN (0x4)
                0x00000000080023cc                _sidata = LOADADDR (.data)

.data           0x0000000020000000        0x4 load address 0x00000000080023cc
                0x0000000020000000                . = ALIGN (0x4)
                0x0000000020000000                _sdata = .
 *(.data)
 *(.data*)
 .data.SystemCoreClock
                0x0000000020000000        0x4 Core/Src/system_stm32f1xx.o
                0x0000000020000000                SystemCoreClock
                0x0000000020000004                . = ALIGN (0x4)
                0x0000000020000004                _edata = .

.igot.plt       0x0000000020000004        0x0 load address 0x00000000080023d0
 .igot.plt      0x0000000020000004        0x0 /opt/st/stm32cubeide_1.1.0/plugins/com.st.stm32cube.ide.mcu.externaltools.gnu-tools-for-stm32.7-2018-q2-update.linux64_1.0.0.201904181610/tools/bin/../lib/gcc/arm-none-eabi/7.3.1/thumb/v7-m/crtbegin.o
                0x0000000020000004                . = ALIGN (0x4)

.bss            0x0000000020000004     0x22ec load address 0x00000000080023d0
                0x0000000020000004                _sbss = .
                0x0000000020000004                __bss_start__ = _sbss
 *(.bss)
 .bss           0x0000000020000004       0x1c /opt/st/stm32cubeide_1.1.0/plugins/com.st.stm32cube.ide.mcu.externaltools.gnu-tools-for-stm32.7-2018-q2-update.linux64_1.0.0.201904181610/tools/bin/../lib/gcc/arm-none-eabi/7.3.1/thumb/v7-m/crtbegin.o
 *(.bss*)
 .bss.crcvalue  0x0000000020000020        0x1 Libraries/Src/diskio.o
                0x0000000020000020                crcvalue
 *fill*         0x0000000020000021        0x3 
 .bss.FatFs     0x0000000020000024        0x4 Libraries/Src/ff.o
 .bss.Fsid      0x0000000020000028        0x2 Libraries/Src/ff.o
 *(COMMON)
 *fill*         0x000000002000002a        0x2 
 COMMON         0x000000002000002c     0x22ad Core/Src/main.o
                0x000000002000002c                end_of_video_file
                0x0000000020000030                audio_fil
                0x0000000020000250                vid_number_of_send
                0x0000000020000254                musicBuffer
                0x0000000020001254                filename
                0x0000000020001288                video_bufferCount
                0x000000002000128c                vid_buffer
                0x0000000020001e8c                vid_fil
                0x00000000200020ac                music_bufferCount
                0x00000000200020b0                fatfs_handler
                0x00000000200022d8                end_of_music_file
 *fill*         0x00000000200022d9        0x3 
 COMMON         0x00000000200022dc       0x14 Libraries/Src/diskio.o
                0x00000000200022dc                returneddata
                0x00000000200022f0                . = ALIGN (0x4)
                0x00000000200022f0                _ebss = .
                0x00000000200022f0                __bss_end__ = _ebss

._user_heap_stack
                0x00000000200022f0      0x600 load address 0x00000000080023d0
                0x00000000200022f0                . = ALIGN (0x8)
                0x00000000200022f0                PROVIDE (end = .)
                [!provide]                        PROVIDE (_end = .)
                0x00000000200024f0                . = (. + _Min_Heap_Size)
 *fill*         0x00000000200022f0      0x200 
                0x00000000200028f0                . = (. + _Min_Stack_Size)
 *fill*         0x00000000200024f0      0x400 
                0x00000000200028f0                . = ALIGN (0x8)

/DISCARD/
 libc.a(*)
 libm.a(*)
 libgcc.a(*)

.ARM.attributes
                0x0000000000000000       0x29
 *(.ARM.attributes)
 .ARM.attributes
                0x0000000000000000       0x1d /opt/st/stm32cubeide_1.1.0/plugins/com.st.stm32cube.ide.mcu.externaltools.gnu-tools-for-stm32.7-2018-q2-update.linux64_1.0.0.201904181610/tools/bin/../lib/gcc/arm-none-eabi/7.3.1/thumb/v7-m/crti.o
 .ARM.attributes
                0x000000000000001d       0x2d /opt/st/stm32cubeide_1.1.0/plugins/com.st.stm32cube.ide.mcu.externaltools.gnu-tools-for-stm32.7-2018-q2-update.linux64_1.0.0.201904181610/tools/bin/../lib/gcc/arm-none-eabi/7.3.1/thumb/v7-m/crtbegin.o
 .ARM.attributes
                0x000000000000004a       0x33 Core/Src/main.o
 .ARM.attributes
                0x000000000000007d       0x33 Core/Src/stm32f1xx_it.o
 .ARM.attributes
                0x00000000000000b0       0x33 Core/Src/system_stm32f1xx.o
 .ARM.attributes
                0x00000000000000e3       0x21 Core/Startup/startup_stm32f103c8tx.o
 .ARM.attributes
                0x0000000000000104       0x33 Drivers/STM32F1xx_HAL_Driver/Src/stm32f1xx_ll_gpio.o
 .ARM.attributes
                0x0000000000000137       0x33 Drivers/STM32F1xx_HAL_Driver/Src/stm32f1xx_ll_spi.o
 .ARM.attributes
                0x000000000000016a       0x33 Drivers/STM32F1xx_HAL_Driver/Src/stm32f1xx_ll_tim.o
 .ARM.attributes
                0x000000000000019d       0x33 Drivers/STM32F1xx_HAL_Driver/Src/stm32f1xx_ll_utils.o
 .ARM.attributes
                0x00000000000001d0       0x33 Libraries/Src/delay.o
 .ARM.attributes
                0x0000000000000203       0x33 Libraries/Src/diskio.o
 .ARM.attributes
                0x0000000000000236       0x33 Libraries/Src/display.o
 .ARM.attributes
                0x0000000000000269       0x33 Libraries/Src/ff.o
 .ARM.attributes
                0x000000000000029c       0x2d /opt/st/stm32cubeide_1.1.0/plugins/com.st.stm32cube.ide.mcu.externaltools.gnu-tools-for-stm32.7-2018-q2-update.linux64_1.0.0.201904181610/tools/bin/../lib/gcc/arm-none-eabi/7.3.1/../../../../arm-none-eabi/lib/thumb/v7-m/libc_nano.a(lib_a-init.o)
 .ARM.attributes
                0x00000000000002c9       0x2d /opt/st/stm32cubeide_1.1.0/plugins/com.st.stm32cube.ide.mcu.externaltools.gnu-tools-for-stm32.7-2018-q2-update.linux64_1.0.0.201904181610/tools/bin/../lib/gcc/arm-none-eabi/7.3.1/../../../../arm-none-eabi/lib/thumb/v7-m/libc_nano.a(lib_a-memset.o)
 .ARM.attributes
                0x00000000000002f6       0x1d /opt/st/stm32cubeide_1.1.0/plugins/com.st.stm32cube.ide.mcu.externaltools.gnu-tools-for-stm32.7-2018-q2-update.linux64_1.0.0.201904181610/tools/bin/../lib/gcc/arm-none-eabi/7.3.1/thumb/v7-m/crtn.o
OUTPUT(Test1.elf elf32-littlearm)

.debug_info     0x0000000000000000     0xb27b
 .debug_info    0x0000000000000000     0x3a57 Core/Src/main.o
 .debug_info    0x0000000000003a57     0x123b Core/Src/stm32f1xx_it.o
 .debug_info    0x0000000000004c92      0x3e8 Core/Src/system_stm32f1xx.o
 .debug_info    0x000000000000507a       0x22 Core/Startup/startup_stm32f103c8tx.o
 .debug_info    0x000000000000509c      0x7f6 Drivers/STM32F1xx_HAL_Driver/Src/stm32f1xx_ll_gpio.o
 .debug_info    0x0000000000005892      0x4f5 Drivers/STM32F1xx_HAL_Driver/Src/stm32f1xx_ll_spi.o
 .debug_info    0x0000000000005d87     0x10b8 Drivers/STM32F1xx_HAL_Driver/Src/stm32f1xx_ll_tim.o
 .debug_info    0x0000000000006e3f      0x9ca Drivers/STM32F1xx_HAL_Driver/Src/stm32f1xx_ll_utils.o
 .debug_info    0x0000000000007809      0x3bb Libraries/Src/delay.o
 .debug_info    0x0000000000007bc4      0xf3f Libraries/Src/diskio.o
 .debug_info    0x0000000000008b03     0x1094 Libraries/Src/display.o
 .debug_info    0x0000000000009b97     0x16e4 Libraries/Src/ff.o

.debug_abbrev   0x0000000000000000     0x1a25
 .debug_abbrev  0x0000000000000000      0x3e6 Core/Src/main.o
 .debug_abbrev  0x00000000000003e6      0x2d3 Core/Src/stm32f1xx_it.o
 .debug_abbrev  0x00000000000006b9      0x134 Core/Src/system_stm32f1xx.o
 .debug_abbrev  0x00000000000007ed       0x12 Core/Startup/startup_stm32f103c8tx.o
 .debug_abbrev  0x00000000000007ff      0x247 Drivers/STM32F1xx_HAL_Driver/Src/stm32f1xx_ll_gpio.o
 .debug_abbrev  0x0000000000000a46      0x1bd Drivers/STM32F1xx_HAL_Driver/Src/stm32f1xx_ll_spi.o
 .debug_abbrev  0x0000000000000c03      0x26e Drivers/STM32F1xx_HAL_Driver/Src/stm32f1xx_ll_tim.o
 .debug_abbrev  0x0000000000000e71      0x2a7 Drivers/STM32F1xx_HAL_Driver/Src/stm32f1xx_ll_utils.o
 .debug_abbrev  0x0000000000001118      0x14b Libraries/Src/delay.o
 .debug_abbrev  0x0000000000001263      0x2c6 Libraries/Src/diskio.o
 .debug_abbrev  0x0000000000001529      0x23e Libraries/Src/display.o
 .debug_abbrev  0x0000000000001767      0x2be Libraries/Src/ff.o

.debug_loc      0x0000000000000000     0x5927
 .debug_loc     0x0000000000000000     0x1312 Core/Src/main.o
 .debug_loc     0x0000000000001312      0x479 Core/Src/stm32f1xx_it.o
 .debug_loc     0x000000000000178b       0xf4 Core/Src/system_stm32f1xx.o
 .debug_loc     0x000000000000187f      0x36c Drivers/STM32F1xx_HAL_Driver/Src/stm32f1xx_ll_gpio.o
 .debug_loc     0x0000000000001beb      0x1e4 Drivers/STM32F1xx_HAL_Driver/Src/stm32f1xx_ll_spi.o
 .debug_loc     0x0000000000001dcf      0xf48 Drivers/STM32F1xx_HAL_Driver/Src/stm32f1xx_ll_tim.o
 .debug_loc     0x0000000000002d17      0x589 Drivers/STM32F1xx_HAL_Driver/Src/stm32f1xx_ll_utils.o
 .debug_loc     0x00000000000032a0       0x6d Libraries/Src/delay.o
 .debug_loc     0x000000000000330d      0x5eb Libraries/Src/diskio.o
 .debug_loc     0x00000000000038f8      0x3cf Libraries/Src/display.o
 .debug_loc     0x0000000000003cc7     0x1c60 Libraries/Src/ff.o

.debug_aranges  0x0000000000000000      0x3a8
 .debug_aranges
                0x0000000000000000       0x30 Core/Src/main.o
 .debug_aranges
                0x0000000000000030       0x70 Core/Src/stm32f1xx_it.o
 .debug_aranges
                0x00000000000000a0       0x28 Core/Src/system_stm32f1xx.o
 .debug_aranges
                0x00000000000000c8       0x28 Core/Startup/startup_stm32f103c8tx.o
 .debug_aranges
                0x00000000000000f0       0x30 Drivers/STM32F1xx_HAL_Driver/Src/stm32f1xx_ll_gpio.o
 .debug_aranges
                0x0000000000000120       0x30 Drivers/STM32F1xx_HAL_Driver/Src/stm32f1xx_ll_spi.o
 .debug_aranges
                0x0000000000000150       0x80 Drivers/STM32F1xx_HAL_Driver/Src/stm32f1xx_ll_tim.o
 .debug_aranges
                0x00000000000001d0       0x50 Drivers/STM32F1xx_HAL_Driver/Src/stm32f1xx_ll_utils.o
 .debug_aranges
                0x0000000000000220       0x28 Libraries/Src/delay.o
 .debug_aranges
                0x0000000000000248       0x48 Libraries/Src/diskio.o
 .debug_aranges
                0x0000000000000290       0x90 Libraries/Src/display.o
 .debug_aranges
                0x0000000000000320       0x88 Libraries/Src/ff.o

.debug_ranges   0x0000000000000000      0x510
 .debug_ranges  0x0000000000000000       0x50 Core/Src/main.o
 .debug_ranges  0x0000000000000050       0x60 Core/Src/stm32f1xx_it.o
 .debug_ranges  0x00000000000000b0       0x18 Core/Src/system_stm32f1xx.o
 .debug_ranges  0x00000000000000c8       0x20 Core/Startup/startup_stm32f103c8tx.o
 .debug_ranges  0x00000000000000e8       0x68 Drivers/STM32F1xx_HAL_Driver/Src/stm32f1xx_ll_gpio.o
 .debug_ranges  0x0000000000000150       0x20 Drivers/STM32F1xx_HAL_Driver/Src/stm32f1xx_ll_spi.o
 .debug_ranges  0x0000000000000170      0x100 Drivers/STM32F1xx_HAL_Driver/Src/stm32f1xx_ll_tim.o
 .debug_ranges  0x0000000000000270       0x40 Drivers/STM32F1xx_HAL_Driver/Src/stm32f1xx_ll_utils.o
 .debug_ranges  0x00000000000002b0       0x18 Libraries/Src/delay.o
 .debug_ranges  0x00000000000002c8       0x50 Libraries/Src/diskio.o
 .debug_ranges  0x0000000000000318       0x80 Libraries/Src/display.o
 .debug_ranges  0x0000000000000398      0x178 Libraries/Src/ff.o

.debug_macro    0x0000000000000000    0x13db4
 .debug_macro   0x0000000000000000      0x2cd Core/Src/main.o
 .debug_macro   0x00000000000002cd      0xa8a Core/Src/main.o
 .debug_macro   0x0000000000000d57       0x2e Core/Src/main.o
 .debug_macro   0x0000000000000d85       0x22 Core/Src/main.o
 .debug_macro   0x0000000000000da7       0x22 Core/Src/main.o
 .debug_macro   0x0000000000000dc9       0x8e Core/Src/main.o
 .debug_macro   0x0000000000000e57       0x51 Core/Src/main.o
 .debug_macro   0x0000000000000ea8       0xef Core/Src/main.o
 .debug_macro   0x0000000000000f97       0x6a Core/Src/main.o
 .debug_macro   0x0000000000001001      0x1df Core/Src/main.o
 .debug_macro   0x00000000000011e0       0x1c Core/Src/main.o
 .debug_macro   0x00000000000011fc       0x22 Core/Src/main.o
 .debug_macro   0x000000000000121e       0xc3 Core/Src/main.o
 .debug_macro   0x00000000000012e1      0xd23 Core/Src/main.o
 .debug_macro   0x0000000000002004     0xe09e Core/Src/main.o
 .debug_macro   0x00000000000100a2       0x43 Core/Src/main.o
 .debug_macro   0x00000000000100e5      0x281 Core/Src/main.o
 .debug_macro   0x0000000000010366      0x2be Core/Src/main.o
 .debug_macro   0x0000000000010624       0xd7 Core/Src/main.o
 .debug_macro   0x00000000000106fb       0x74 Core/Src/main.o
 .debug_macro   0x000000000001076f       0xd0 Core/Src/main.o
 .debug_macro   0x000000000001083f       0x28 Core/Src/main.o
 .debug_macro   0x0000000000010867       0x2a Core/Src/main.o
 .debug_macro   0x0000000000010891       0x90 Core/Src/main.o
 .debug_macro   0x0000000000010921      0x116 Core/Src/main.o
 .debug_macro   0x0000000000010a37      0x57a Core/Src/main.o
 .debug_macro   0x0000000000010fb1      0x22a Core/Src/main.o
 .debug_macro   0x00000000000111db       0xf8 Core/Src/main.o
 .debug_macro   0x00000000000112d3       0xf5 Core/Src/main.o
 .debug_macro   0x00000000000113c8       0x8e Core/Src/main.o
 .debug_macro   0x0000000000011456      0x15a Core/Src/main.o
 .debug_macro   0x00000000000115b0       0x9b Core/Src/main.o
 .debug_macro   0x000000000001164b       0x46 Core/Src/main.o
 .debug_macro   0x0000000000011691       0x18 Core/Src/main.o
 .debug_macro   0x00000000000116a9       0x3c Core/Src/main.o
 .debug_macro   0x00000000000116e5       0x34 Core/Src/main.o
 .debug_macro   0x0000000000011719       0x16 Core/Src/main.o
 .debug_macro   0x000000000001172f       0x97 Core/Src/main.o
 .debug_macro   0x00000000000117c6      0x32a Core/Src/main.o
 .debug_macro   0x0000000000011af0       0xfd Core/Src/main.o
 .debug_macro   0x0000000000011bed       0x10 Core/Src/main.o
 .debug_macro   0x0000000000011bfd       0x52 Core/Src/main.o
 .debug_macro   0x0000000000011c4f       0x1f Core/Src/main.o
 .debug_macro   0x0000000000011c6e       0x43 Core/Src/main.o
 .debug_macro   0x0000000000011cb1       0x20 Core/Src/main.o
 .debug_macro   0x0000000000011cd1      0x1a3 Core/Src/main.o
 .debug_macro   0x0000000000011e74       0x10 Core/Src/main.o
 .debug_macro   0x0000000000011e84       0x1c Core/Src/main.o
 .debug_macro   0x0000000000011ea0       0x52 Core/Src/main.o
 .debug_macro   0x0000000000011ef2       0x40 Core/Src/main.o
 .debug_macro   0x0000000000011f32       0x10 Core/Src/main.o
 .debug_macro   0x0000000000011f42       0x40 Core/Src/main.o
 .debug_macro   0x0000000000011f82       0xd7 Core/Src/main.o
 .debug_macro   0x0000000000012059       0x1c Core/Src/main.o
 .debug_macro   0x0000000000012075       0x3d Core/Src/main.o
 .debug_macro   0x00000000000120b2       0x16 Core/Src/main.o
 .debug_macro   0x00000000000120c8      0x145 Core/Src/main.o
 .debug_macro   0x000000000001220d      0x17c Core/Src/stm32f1xx_it.o
 .debug_macro   0x0000000000012389       0xc2 Core/Src/system_stm32f1xx.o
 .debug_macro   0x000000000001244b       0xf8 Drivers/STM32F1xx_HAL_Driver/Src/stm32f1xx_ll_gpio.o
 .debug_macro   0x0000000000012543      0x224 Drivers/STM32F1xx_HAL_Driver/Src/stm32f1xx_ll_gpio.o
 .debug_macro   0x0000000000012767      0x125 Drivers/STM32F1xx_HAL_Driver/Src/stm32f1xx_ll_spi.o
 .debug_macro   0x000000000001288c      0x110 Drivers/STM32F1xx_HAL_Driver/Src/stm32f1xx_ll_spi.o
 .debug_macro   0x000000000001299c      0x147 Drivers/STM32F1xx_HAL_Driver/Src/stm32f1xx_ll_tim.o
 .debug_macro   0x0000000000012ae3      0x574 Drivers/STM32F1xx_HAL_Driver/Src/stm32f1xx_ll_tim.o
 .debug_macro   0x0000000000013057      0x133 Drivers/STM32F1xx_HAL_Driver/Src/stm32f1xx_ll_utils.o
 .debug_macro   0x000000000001318a       0xcf Libraries/Src/delay.o
 .debug_macro   0x0000000000013259      0x18e Libraries/Src/diskio.o
 .debug_macro   0x00000000000133e7       0xef Libraries/Src/diskio.o
 .debug_macro   0x00000000000134d6      0x154 Libraries/Src/diskio.o
 .debug_macro   0x000000000001362a      0x17c Libraries/Src/display.o
 .debug_macro   0x00000000000137a6      0x60e Libraries/Src/ff.o

.debug_line     0x0000000000000000     0x4dcb
 .debug_line    0x0000000000000000      0xb65 Core/Src/main.o
 .debug_line    0x0000000000000b65      0x746 Core/Src/stm32f1xx_it.o
 .debug_line    0x00000000000012ab      0x46c Core/Src/system_stm32f1xx.o
 .debug_line    0x0000000000001717       0x84 Core/Startup/startup_stm32f103c8tx.o
 .debug_line    0x000000000000179b      0x5a6 Drivers/STM32F1xx_HAL_Driver/Src/stm32f1xx_ll_gpio.o
 .debug_line    0x0000000000001d41      0x523 Drivers/STM32F1xx_HAL_Driver/Src/stm32f1xx_ll_spi.o
 .debug_line    0x0000000000002264      0x74d Drivers/STM32F1xx_HAL_Driver/Src/stm32f1xx_ll_tim.o
 .debug_line    0x00000000000029b1      0x631 Drivers/STM32F1xx_HAL_Driver/Src/stm32f1xx_ll_utils.o
 .debug_line    0x0000000000002fe2      0x4a9 Libraries/Src/delay.o
 .debug_line    0x000000000000348b      0x752 Libraries/Src/diskio.o
 .debug_line    0x0000000000003bdd      0x7be Libraries/Src/display.o
 .debug_line    0x000000000000439b      0xa30 Libraries/Src/ff.o

.debug_str      0x0000000000000000    0x680a6
 .debug_str     0x0000000000000000    0x61baa Core/Src/main.o
                                      0x62098 (size before relaxing)
 .debug_str     0x0000000000061baa      0x150 Core/Src/stm32f1xx_it.o
                                      0x5d37c (size before relaxing)
 .debug_str     0x0000000000061cfa       0x74 Core/Src/system_stm32f1xx.o
                                      0x54318 (size before relaxing)
 .debug_str     0x0000000000061d6e       0x36 Core/Startup/startup_stm32f103c8tx.o
                                         0x80 (size before relaxing)
 .debug_str     0x0000000000061da4      0x406 Drivers/STM32F1xx_HAL_Driver/Src/stm32f1xx_ll_gpio.o
                                      0x55c0d (size before relaxing)
 .debug_str     0x00000000000621aa      0x776 Drivers/STM32F1xx_HAL_Driver/Src/stm32f1xx_ll_spi.o
                                      0x567f0 (size before relaxing)
 .debug_str     0x0000000000062920     0x1155 Drivers/STM32F1xx_HAL_Driver/Src/stm32f1xx_ll_tim.o
                                      0x58952 (size before relaxing)
 .debug_str     0x0000000000063a75      0xa81 Drivers/STM32F1xx_HAL_Driver/Src/stm32f1xx_ll_utils.o
                                      0x56406 (size before relaxing)
 .debug_str     0x00000000000644f6       0x19 Libraries/Src/delay.o
                                      0x57052 (size before relaxing)
 .debug_str     0x000000000006450f      0x1ca Libraries/Src/diskio.o
                                      0x5ceba (size before relaxing)
 .debug_str     0x00000000000646d9      0x165 Libraries/Src/display.o
                                      0x5cdb1 (size before relaxing)
 .debug_str     0x000000000006483e     0x3868 Libraries/Src/ff.o
                                      0x605cd (size before relaxing)

.comment        0x0000000000000000       0x7b
 .comment       0x0000000000000000       0x7b Core/Src/main.o
                                         0x7c (size before relaxing)
 .comment       0x000000000000007b       0x7c Core/Src/stm32f1xx_it.o
 .comment       0x000000000000007b       0x7c Core/Src/system_stm32f1xx.o
 .comment       0x000000000000007b       0x7c Drivers/STM32F1xx_HAL_Driver/Src/stm32f1xx_ll_gpio.o
 .comment       0x000000000000007b       0x7c Drivers/STM32F1xx_HAL_Driver/Src/stm32f1xx_ll_spi.o
 .comment       0x000000000000007b       0x7c Drivers/STM32F1xx_HAL_Driver/Src/stm32f1xx_ll_tim.o
 .comment       0x000000000000007b       0x7c Drivers/STM32F1xx_HAL_Driver/Src/stm32f1xx_ll_utils.o
 .comment       0x000000000000007b       0x7c Libraries/Src/delay.o
 .comment       0x000000000000007b       0x7c Libraries/Src/diskio.o
 .comment       0x000000000000007b       0x7c Libraries/Src/display.o
 .comment       0x000000000000007b       0x7c Libraries/Src/ff.o

.debug_frame    0x0000000000000000      0x8e8
 .debug_frame   0x0000000000000000       0x6c Core/Src/main.o
 .debug_frame   0x000000000000006c       0xe4 Core/Src/stm32f1xx_it.o
 .debug_frame   0x0000000000000150       0x30 Core/Src/system_stm32f1xx.o
 .debug_frame   0x0000000000000180       0x58 Drivers/STM32F1xx_HAL_Driver/Src/stm32f1xx_ll_gpio.o
 .debug_frame   0x00000000000001d8       0x50 Drivers/STM32F1xx_HAL_Driver/Src/stm32f1xx_ll_spi.o
 .debug_frame   0x0000000000000228      0x11c Drivers/STM32F1xx_HAL_Driver/Src/stm32f1xx_ll_tim.o
 .debug_frame   0x0000000000000344       0xac Drivers/STM32F1xx_HAL_Driver/Src/stm32f1xx_ll_utils.o
 .debug_frame   0x00000000000003f0       0x38 Libraries/Src/delay.o
 .debug_frame   0x0000000000000428       0xb0 Libraries/Src/diskio.o
 .debug_frame   0x00000000000004d8      0x1cc Libraries/Src/display.o
 .debug_frame   0x00000000000006a4      0x1f8 Libraries/Src/ff.o
 .debug_frame   0x000000000000089c       0x2c /opt/st/stm32cubeide_1.1.0/plugins/com.st.stm32cube.ide.mcu.externaltools.gnu-tools-for-stm32.7-2018-q2-update.linux64_1.0.0.201904181610/tools/bin/../lib/gcc/arm-none-eabi/7.3.1/../../../../arm-none-eabi/lib/thumb/v7-m/libc_nano.a(lib_a-init.o)
 .debug_frame   0x00000000000008c8       0x20 /opt/st/stm32cubeide_1.1.0/plugins/com.st.stm32cube.ide.mcu.externaltools.gnu-tools-for-stm32.7-2018-q2-update.linux64_1.0.0.201904181610/tools/bin/../lib/gcc/arm-none-eabi/7.3.1/../../../../arm-none-eabi/lib/thumb/v7-m/libc_nano.a(lib_a-memset.o)
