Archive member included to satisfy reference by file (symbol)

g:/st/stm32cubeide_1.0.2/stm32cubeide/plugins/com.st.stm32cube.ide.mcu.externaltools.gnu-tools-for-stm32.7-2018-q2-update.win32_1.0.0.201904181610/tools/bin/../lib/gcc/arm-none-eabi/7.3.1/../../../../arm-none-eabi/lib/thumb/v7-m\libc_nano.a(lib_a-errno.o)
                              Core/Src/syscalls.o (__errno)
g:/st/stm32cubeide_1.0.2/stm32cubeide/plugins/com.st.stm32cube.ide.mcu.externaltools.gnu-tools-for-stm32.7-2018-q2-update.win32_1.0.0.201904181610/tools/bin/../lib/gcc/arm-none-eabi/7.3.1/../../../../arm-none-eabi/lib/thumb/v7-m\libc_nano.a(lib_a-exit.o)
                              g:/st/stm32cubeide_1.0.2/stm32cubeide/plugins/com.st.stm32cube.ide.mcu.externaltools.gnu-tools-for-stm32.7-2018-q2-update.win32_1.0.0.201904181610/tools/bin/../lib/gcc/arm-none-eabi/7.3.1/../../../../arm-none-eabi/lib/thumb/v7-m/crt0.o (exit)
g:/st/stm32cubeide_1.0.2/stm32cubeide/plugins/com.st.stm32cube.ide.mcu.externaltools.gnu-tools-for-stm32.7-2018-q2-update.win32_1.0.0.201904181610/tools/bin/../lib/gcc/arm-none-eabi/7.3.1/../../../../arm-none-eabi/lib/thumb/v7-m\libc_nano.a(lib_a-impure.o)
                              g:/st/stm32cubeide_1.0.2/stm32cubeide/plugins/com.st.stm32cube.ide.mcu.externaltools.gnu-tools-for-stm32.7-2018-q2-update.win32_1.0.0.201904181610/tools/bin/../lib/gcc/arm-none-eabi/7.3.1/../../../../arm-none-eabi/lib/thumb/v7-m\libc_nano.a(lib_a-exit.o) (_global_impure_ptr)
g:/st/stm32cubeide_1.0.2/stm32cubeide/plugins/com.st.stm32cube.ide.mcu.externaltools.gnu-tools-for-stm32.7-2018-q2-update.win32_1.0.0.201904181610/tools/bin/../lib/gcc/arm-none-eabi/7.3.1/../../../../arm-none-eabi/lib/thumb/v7-m\libc_nano.a(lib_a-init.o)
                              g:/st/stm32cubeide_1.0.2/stm32cubeide/plugins/com.st.stm32cube.ide.mcu.externaltools.gnu-tools-for-stm32.7-2018-q2-update.win32_1.0.0.201904181610/tools/bin/../lib/gcc/arm-none-eabi/7.3.1/../../../../arm-none-eabi/lib/thumb/v7-m/crt0.o (__libc_init_array)
g:/st/stm32cubeide_1.0.2/stm32cubeide/plugins/com.st.stm32cube.ide.mcu.externaltools.gnu-tools-for-stm32.7-2018-q2-update.win32_1.0.0.201904181610/tools/bin/../lib/gcc/arm-none-eabi/7.3.1/../../../../arm-none-eabi/lib/thumb/v7-m\libc_nano.a(lib_a-memset.o)
                              g:/st/stm32cubeide_1.0.2/stm32cubeide/plugins/com.st.stm32cube.ide.mcu.externaltools.gnu-tools-for-stm32.7-2018-q2-update.win32_1.0.0.201904181610/tools/bin/../lib/gcc/arm-none-eabi/7.3.1/../../../../arm-none-eabi/lib/thumb/v7-m/crt0.o (memset)

Allocating common symbols
Common symbol       size              file

audio_fil           0x220             Core/Src/main.o
vid_number_of_send  0x4               Core/Src/main.o
color_fill_byte     0x2               Libraries/Src/display.o
musicBuffer         0x1000            Core/Src/main.o
color_byte          0x2               Libraries/Src/display.o
filename            0x32              Core/Src/main.o
video_bufferCount   0x4               Core/Src/main.o
timer3_trigger      0x1               Core/Src/main.o
vid_buffer          0xc00             Core/Src/main.o
returneddata        0x14              Libraries/Src/diskio.o
vid_fil             0x220             Core/Src/main.o
music_bufferCount   0x4               Core/Src/main.o
fatfs_handler       0x228             Core/Src/main.o

Discarded input sections

 .text          0x0000000000000000        0x0 g:/st/stm32cubeide_1.0.2/stm32cubeide/plugins/com.st.stm32cube.ide.mcu.externaltools.gnu-tools-for-stm32.7-2018-q2-update.win32_1.0.0.201904181610/tools/bin/../lib/gcc/arm-none-eabi/7.3.1/thumb/v7-m/crti.o
 .data          0x0000000000000000        0x0 g:/st/stm32cubeide_1.0.2/stm32cubeide/plugins/com.st.stm32cube.ide.mcu.externaltools.gnu-tools-for-stm32.7-2018-q2-update.win32_1.0.0.201904181610/tools/bin/../lib/gcc/arm-none-eabi/7.3.1/thumb/v7-m/crti.o
 .bss           0x0000000000000000        0x0 g:/st/stm32cubeide_1.0.2/stm32cubeide/plugins/com.st.stm32cube.ide.mcu.externaltools.gnu-tools-for-stm32.7-2018-q2-update.win32_1.0.0.201904181610/tools/bin/../lib/gcc/arm-none-eabi/7.3.1/thumb/v7-m/crti.o
 .data          0x0000000000000000        0x4 g:/st/stm32cubeide_1.0.2/stm32cubeide/plugins/com.st.stm32cube.ide.mcu.externaltools.gnu-tools-for-stm32.7-2018-q2-update.win32_1.0.0.201904181610/tools/bin/../lib/gcc/arm-none-eabi/7.3.1/thumb/v7-m/crtbegin.o
 .text          0x0000000000000000       0x74 g:/st/stm32cubeide_1.0.2/stm32cubeide/plugins/com.st.stm32cube.ide.mcu.externaltools.gnu-tools-for-stm32.7-2018-q2-update.win32_1.0.0.201904181610/tools/bin/../lib/gcc/arm-none-eabi/7.3.1/../../../../arm-none-eabi/lib/thumb/v7-m/crt0.o
 .data          0x0000000000000000        0x0 g:/st/stm32cubeide_1.0.2/stm32cubeide/plugins/com.st.stm32cube.ide.mcu.externaltools.gnu-tools-for-stm32.7-2018-q2-update.win32_1.0.0.201904181610/tools/bin/../lib/gcc/arm-none-eabi/7.3.1/../../../../arm-none-eabi/lib/thumb/v7-m/crt0.o
[...]
Memory Configuration

Name             Origin             Length             Attributes
RAM              0x0000000020000000 0x0000000000005000 xrw
FLASH            0x0000000008000000 0x0000000000010000 xr
*default*        0x0000000000000000 0xffffffffffffffff

Linker script and memory map

LOAD g:/st/stm32cubeide_1.0.2/stm32cubeide/plugins/com.st.stm32cube.ide.mcu.externaltools.gnu-tools-for-stm32.7-2018-q2-update.win32_1.0.0.201904181610/tools/bin/../lib/gcc/arm-none-eabi/7.3.1/thumb/v7-m/crti.o
LOAD g:/st/stm32cubeide_1.0.2/stm32cubeide/plugins/com.st.stm32cube.ide.mcu.externaltools.gnu-tools-for-stm32.7-2018-q2-update.win32_1.0.0.201904181610/tools/bin/../lib/gcc/arm-none-eabi/7.3.1/thumb/v7-m/crtbegin.o
LOAD g:/st/stm32cubeide_1.0.2/stm32cubeide/plugins/com.st.stm32cube.ide.mcu.externaltools.gnu-tools-for-stm32.7-2018-q2-update.win32_1.0.0.201904181610/tools/bin/../lib/gcc/arm-none-eabi/7.3.1/../../../../arm-none-eabi/lib/thumb/v7-m/crt0.o
LOAD Core/Src/main.o
LOAD Core/Src/stm32f1xx_it.o
LOAD Core/Src/syscalls.o
LOAD Core/Src/sysmem.o
LOAD Core/Src/system_stm32f1xx.o
LOAD Core/Startup/startup_stm32f103c8tx.o
LOAD Drivers/STM32F1xx_HAL_Driver/Src/stm32f1xx_ll_dma.o
LOAD Drivers/STM32F1xx_HAL_Driver/Src/stm32f1xx_ll_exti.o
LOAD Drivers/STM32F1xx_HAL_Driver/Src/stm32f1xx_ll_gpio.o
LOAD Drivers/STM32F1xx_HAL_Driver/Src/stm32f1xx_ll_pwr.o
LOAD Drivers/STM32F1xx_HAL_Driver/Src/stm32f1xx_ll_rcc.o
LOAD Drivers/STM32F1xx_HAL_Driver/Src/stm32f1xx_ll_spi.o
LOAD Drivers/STM32F1xx_HAL_Driver/Src/stm32f1xx_ll_tim.o
LOAD Drivers/STM32F1xx_HAL_Driver/Src/stm32f1xx_ll_utils.o
LOAD Libraries/Src/delay.o
LOAD Libraries/Src/diskio.o
LOAD Libraries/Src/display.o
LOAD Libraries/Src/ff.o
LOAD Libraries/Src/ffsystem.o
LOAD Libraries/Src/ffunicode.o
START GROUP
LOAD g:/st/stm32cubeide_1.0.2/stm32cubeide/plugins/com.st.stm32cube.ide.mcu.externaltools.gnu-tools-for-stm32.7-2018-q2-update.win32_1.0.0.201904181610/tools/bin/../lib/gcc/arm-none-eabi/7.3.1/../../../../arm-none-eabi/lib/thumb/v7-m\libc_nano.a
LOAD g:/st/stm32cubeide_1.0.2/stm32cubeide/plugins/com.st.stm32cube.ide.mcu.externaltools.gnu-tools-for-stm32.7-2018-q2-update.win32_1.0.0.201904181610/tools/bin/../lib/gcc/arm-none-eabi/7.3.1/../../../../arm-none-eabi/lib/thumb/v7-m\libm.a
END GROUP
START GROUP
LOAD g:/st/stm32cubeide_1.0.2/stm32cubeide/plugins/com.st.stm32cube.ide.mcu.externaltools.gnu-tools-for-stm32.7-2018-q2-update.win32_1.0.0.201904181610/tools/bin/../lib/gcc/arm-none-eabi/7.3.1/thumb/v7-m\libgcc.a
LOAD g:/st/stm32cubeide_1.0.2/stm32cubeide/plugins/com.st.stm32cube.ide.mcu.externaltools.gnu-tools-for-stm32.7-2018-q2-update.win32_1.0.0.201904181610/tools/bin/../lib/gcc/arm-none-eabi/7.3.1/../../../../arm-none-eabi/lib/thumb/v7-m\libc_nano.a
END GROUP
START GROUP
LOAD g:/st/stm32cubeide_1.0.2/stm32cubeide/plugins/com.st.stm32cube.ide.mcu.externaltools.gnu-tools-for-stm32.7-2018-q2-update.win32_1.0.0.201904181610/tools/bin/../lib/gcc/arm-none-eabi/7.3.1/thumb/v7-m\libgcc.a
LOAD g:/st/stm32cubeide_1.0.2/stm32cubeide/plugins/com.st.stm32cube.ide.mcu.externaltools.gnu-tools-for-stm32.7-2018-q2-update.win32_1.0.0.201904181610/tools/bin/../lib/gcc/arm-none-eabi/7.3.1/../../../../arm-none-eabi/lib/thumb/v7-m\libc_nano.a
LOAD g:/st/stm32cubeide_1.0.2/stm32cubeide/plugins/com.st.stm32cube.ide.mcu.externaltools.gnu-tools-for-stm32.7-2018-q2-update.win32_1.0.0.201904181610/tools/bin/../lib/gcc/arm-none-eabi/7.3.1/../../../../arm-none-eabi/lib/thumb/v7-m\libnosys.a
END GROUP
START GROUP
LOAD g:/st/stm32cubeide_1.0.2/stm32cubeide/plugins/com.st.stm32cube.ide.mcu.externaltools.gnu-tools-for-stm32.7-2018-q2-update.win32_1.0.0.201904181610/tools/bin/../lib/gcc/arm-none-eabi/7.3.1/thumb/v7-m\libgcc.a
LOAD g:/st/stm32cubeide_1.0.2/stm32cubeide/plugins/com.st.stm32cube.ide.mcu.externaltools.gnu-tools-for-stm32.7-2018-q2-update.win32_1.0.0.201904181610/tools/bin/../lib/gcc/arm-none-eabi/7.3.1/../../../../arm-none-eabi/lib/thumb/v7-m\libc_nano.a
LOAD g:/st/stm32cubeide_1.0.2/stm32cubeide/plugins/com.st.stm32cube.ide.mcu.externaltools.gnu-tools-for-stm32.7-2018-q2-update.win32_1.0.0.201904181610/tools/bin/../lib/gcc/arm-none-eabi/7.3.1/../../../../arm-none-eabi/lib/thumb/v7-m\libnosys.a
END GROUP
LOAD g:/st/stm32cubeide_1.0.2/stm32cubeide/plugins/com.st.stm32cube.ide.mcu.externaltools.gnu-tools-for-stm32.7-2018-q2-update.win32_1.0.0.201904181610/tools/bin/../lib/gcc/arm-none-eabi/7.3.1/thumb/v7-m/crtend.o
LOAD g:/st/stm32cubeide_1.0.2/stm32cubeide/plugins/com.st.stm32cube.ide.mcu.externaltools.gnu-tools-for-stm32.7-2018-q2-update.win32_1.0.0.201904181610/tools/bin/../lib/gcc/arm-none-eabi/7.3.1/thumb/v7-m/crtn.o
                0x0000000020005000                _estack = (ORIGIN (RAM) + LENGTH (RAM))
                0x0000000000000200                _Min_Heap_Size = 0x200
                0x0000000000000400                _Min_Stack_Size = 0x400

.isr_vector     0x0000000008000000      0x10c
                0x0000000008000000                . = ALIGN (0x4)
 *(.isr_vector)
 .isr_vector    0x0000000008000000      0x10c Core/Startup/startup_stm32f103c8tx.o
                0x0000000008000000                g_pfnVectors
                0x000000000800010c                . = ALIGN (0x4)

.text           0x000000000800010c     0x3f9c
                0x000000000800010c                . = ALIGN (0x4)
 *(.text)
 .text          0x000000000800010c       0x40 g:/st/stm32cubeide_1.0.2/stm32cubeide/plugins/com.st.stm32cube.ide.mcu.externaltools.gnu-tools-for-stm32.7-2018-q2-update.win32_1.0.0.201904181610/tools/bin/../lib/gcc/arm-none-eabi/7.3.1/thumb/v7-m/crtbegin.o
 *(.text*)
 .text.__NVIC_SetPriorityGrouping
                0x000000000800014c       0x48 Core/Src/main.o
 .text.__NVIC_GetPriorityGrouping
                0x0000000008000194       0x1c Core/Src/main.o
 .text.__NVIC_EnableIRQ
                0x00000000080001b0       0x38 Core/Src/main.o
 .text.__NVIC_SetPriority
                0x00000000080001e8       0x54 Core/Src/main.o
 .text.NVIC_EncodePriority
                0x000000000800023c       0x64 Core/Src/main.o
 .text.LL_DMA_EnableChannel
                0x00000000080002a0       0x3c Core/Src/main.o
 .text.LL_DMA_SetDataTransferDirection
                0x00000000080002dc       0x48 Core/Src/main.o
 .text.LL_DMA_SetMode
                0x0000000008000324       0x44 Core/Src/main.o
 .text.LL_DMA_SetPeriphIncMode
                0x0000000008000368       0x44 Core/Src/main.o
 .text.LL_DMA_SetMemoryIncMode
                0x00000000080003ac       0x44 Core/Src/main.o
 .text.LL_DMA_SetPeriphSize
                0x00000000080003f0       0x44 Core/Src/main.o
 .text.LL_DMA_SetMemorySize
                0x0000000008000434       0x44 Core/Src/main.o
 .text.LL_DMA_SetChannelPriorityLevel
                0x0000000008000478       0x44 Core/Src/main.o
 .text.LL_DMA_SetDataLength
                0x00000000080004bc       0x44 Core/Src/main.o
 .text.LL_DMA_SetMemoryAddress
                0x0000000008000500       0x30 Core/Src/main.o
 .text.LL_DMA_SetPeriphAddress
                0x0000000008000530       0x30 Core/Src/main.o
 .text.LL_DMA_ClearFlag_TC3
                0x0000000008000560       0x1a Core/Src/main.o
 .text.LL_DMA_ClearFlag_TC7
                0x000000000800057a       0x1a Core/Src/main.o
 .text.LL_DMA_ClearFlag_HT7
                0x0000000008000594       0x1a Core/Src/main.o
 *fill*         0x00000000080005ae        0x2 
 .text.LL_DMA_EnableIT_TC
                0x00000000080005b0       0x3c Core/Src/main.o
 .text.LL_DMA_EnableIT_HT
                0x00000000080005ec       0x3c Core/Src/main.o
 .text.LL_RCC_HSE_Enable
                0x0000000008000628       0x1c Core/Src/main.o
 .text.LL_RCC_HSE_IsReady
                0x0000000008000644       0x24 Core/Src/main.o
 .text.LL_RCC_SetSysClkSource
                0x0000000008000668       0x28 Core/Src/main.o
 .text.LL_RCC_GetSysClkSource
                0x0000000008000690       0x18 Core/Src/main.o
 .text.LL_RCC_SetAHBPrescaler
                0x00000000080006a8       0x28 Core/Src/main.o
 .text.LL_RCC_SetAPB1Prescaler
                0x00000000080006d0       0x28 Core/Src/main.o
 .text.LL_RCC_SetAPB2Prescaler
                0x00000000080006f8       0x28 Core/Src/main.o
 .text.LL_RCC_PLL_Enable
                0x0000000008000720       0x1c Core/Src/main.o
 .text.LL_RCC_PLL_IsReady
                0x000000000800073c       0x24 Core/Src/main.o
 .text.LL_RCC_PLL_ConfigDomain_SYS
                0x0000000008000760       0x30 Core/Src/main.o
 .text.LL_AHB1_GRP1_EnableClock
                0x0000000008000790       0x30 Core/Src/main.o
 .text.LL_APB1_GRP1_EnableClock
                0x00000000080007c0       0x30 Core/Src/main.o
 .text.LL_APB2_GRP1_EnableClock
                0x00000000080007f0       0x30 Core/Src/main.o
 .text.LL_FLASH_SetLatency
                0x0000000008000820       0x28 Core/Src/main.o
 .text.LL_FLASH_GetLatency
                0x0000000008000848       0x18 Core/Src/main.o
 .text.LL_SYSTICK_SetClkSource
                0x0000000008000860       0x38 Core/Src/main.o
 .text.LL_SPI_Enable
                0x0000000008000898       0x1e Core/Src/main.o
 .text.LL_SPI_DisableDMAReq_RX
                0x00000000080008b6       0x1e Core/Src/main.o
 .text.LL_SPI_EnableDMAReq_TX
                0x00000000080008d4       0x1e Core/Src/main.o
 .text.LL_TIM_EnableCounter
                0x00000000080008f2       0x1e Core/Src/main.o
 .text.LL_TIM_SetUpdateSource
                0x0000000008000910       0x24 Core/Src/main.o
 .text.LL_TIM_DisableARRPreload
                0x0000000008000934       0x1e Core/Src/main.o
 .text.LL_TIM_CC_EnableChannel
                0x0000000008000952       0x20 Core/Src/main.o
 *fill*         0x0000000008000972        0x2 
 .text.LL_TIM_OC_DisableFast
                0x0000000008000974       0x84 Core/Src/main.o
 .text.LL_TIM_OC_EnablePreload
                0x00000000080009f8       0x84 Core/Src/main.o
 .text.LL_TIM_SetClockSource
                0x0000000008000a7c       0x28 Core/Src/main.o
 .text.LL_TIM_SetTriggerOutput
                0x0000000008000aa4       0x24 Core/Src/main.o
 .text.LL_TIM_DisableMasterSlaveMode
                0x0000000008000ac8       0x1e Core/Src/main.o
 .text.LL_TIM_EnableAllOutputs
                0x0000000008000ae6       0x1e Core/Src/main.o
 .text.LL_TIM_ClearFlag_UPDATE
                0x0000000008000b04       0x1a Core/Src/main.o
 .text.LL_TIM_EnableIT_UPDATE
                0x0000000008000b1e       0x1e Core/Src/main.o
 .text.LL_TIM_EnableDMAReq_UPDATE
                0x0000000008000b3c       0x1e Core/Src/main.o
 .text.LL_GPIO_SetOutputPin
                0x0000000008000b5a       0x1e Core/Src/main.o
 .text.LL_GPIO_ResetOutputPin
                0x0000000008000b78       0x1e Core/Src/main.o
 *fill*         0x0000000008000b96        0x2 
 .text.LL_GPIO_AF_Remap_SWJ_NOJTAG
                0x0000000008000b98       0x28 Core/Src/main.o
 .text.main     0x0000000008000bc0      0x2a8 Core/Src/main.o
                0x0000000008000bc0                main
 .text.SystemClock_Config
                0x0000000008000e68       0x84 Core/Src/main.o
                0x0000000008000e68                SystemClock_Config
 .text.MX_SPI1_Init
                0x0000000008000eec       0xe0 Core/Src/main.o
 .text.MX_SPI2_Init
                0x0000000008000fcc       0xf8 Core/Src/main.o
 .text.MX_TIM1_Init
                0x00000000080010c4      0x12c Core/Src/main.o
 .text.MX_TIM2_Init
                0x00000000080011f0       0x64 Core/Src/main.o
 .text.MX_TIM3_Init
                0x0000000008001254       0x80 Core/Src/main.o
 .text.MX_TIM4_Init
                0x00000000080012d4       0xac Core/Src/main.o
 .text.MX_DMA_Init
                0x0000000008001380       0x4e Core/Src/main.o
 *fill*         0x00000000080013ce        0x2 
 .text.MX_GPIO_Init
                0x00000000080013d0       0xc4 Core/Src/main.o
 .text.Error_Handler
                0x0000000008001494        0xc Core/Src/main.o
                0x0000000008001494                Error_Handler
 .text.__NVIC_EnableIRQ
                0x00000000080014a0       0x38 Core/Src/stm32f1xx_it.o
 .text.__NVIC_DisableIRQ
                0x00000000080014d8       0x44 Core/Src/stm32f1xx_it.o
 .text.LL_DMA_EnableChannel
                0x000000000800151c       0x3c Core/Src/stm32f1xx_it.o
 .text.LL_DMA_DisableChannel
                0x0000000008001558       0x3c Core/Src/stm32f1xx_it.o
 .text.LL_DMA_SetDataLength
                0x0000000008001594       0x44 Core/Src/stm32f1xx_it.o
 .text.LL_DMA_SetMemoryAddress
                0x00000000080015d8       0x30 Core/Src/stm32f1xx_it.o
 .text.LL_DMA_ClearFlag_TC3
                0x0000000008001608       0x1a Core/Src/stm32f1xx_it.o
 .text.LL_DMA_ClearFlag_TC7
                0x0000000008001622       0x1a Core/Src/stm32f1xx_it.o
 .text.LL_DMA_ClearFlag_HT7
                0x000000000800163c       0x1a Core/Src/stm32f1xx_it.o
 *fill*         0x0000000008001656        0x2 
 .text.LL_DMA_DisableIT_TC
                0x0000000008001658       0x3c Core/Src/stm32f1xx_it.o
 .text.LL_TIM_EnableCounter
                0x0000000008001694       0x1e Core/Src/stm32f1xx_it.o
 .text.LL_TIM_DisableCounter
                0x00000000080016b2       0x1e Core/Src/stm32f1xx_it.o
 .text.LL_TIM_SetCounter
                0x00000000080016d0       0x1a Core/Src/stm32f1xx_it.o
 .text.LL_TIM_ClearFlag_UPDATE
                0x00000000080016ea       0x1a Core/Src/stm32f1xx_it.o
 .text.NMI_Handler
                0x0000000008001704        0xc Core/Src/stm32f1xx_it.o
                0x0000000008001704                NMI_Handler
 .text.HardFault_Handler
                0x0000000008001710        0x6 Core/Src/stm32f1xx_it.o
                0x0000000008001710                HardFault_Handler
 .text.MemManage_Handler
                0x0000000008001716        0x6 Core/Src/stm32f1xx_it.o
                0x0000000008001716                MemManage_Handler
 .text.BusFault_Handler
                0x000000000800171c        0x6 Core/Src/stm32f1xx_it.o
                0x000000000800171c                BusFault_Handler
 .text.UsageFault_Handler
                0x0000000008001722        0x6 Core/Src/stm32f1xx_it.o
                0x0000000008001722                UsageFault_Handler
 .text.SVC_Handler
                0x0000000008001728        0xc Core/Src/stm32f1xx_it.o
                0x0000000008001728                SVC_Handler
 .text.DebugMon_Handler
                0x0000000008001734        0xc Core/Src/stm32f1xx_it.o
                0x0000000008001734                DebugMon_Handler
 .text.PendSV_Handler
                0x0000000008001740        0xc Core/Src/stm32f1xx_it.o
                0x0000000008001740                PendSV_Handler
 .text.SysTick_Handler
                0x000000000800174c        0xc Core/Src/stm32f1xx_it.o
                0x000000000800174c                SysTick_Handler
 .text.DMA1_Channel3_IRQHandler
                0x0000000008001758      0x148 Core/Src/stm32f1xx_it.o
                0x0000000008001758                DMA1_Channel3_IRQHandler
 .text.DMA1_Channel7_IRQHandler
                0x00000000080018a0       0x94 Core/Src/stm32f1xx_it.o
                0x00000000080018a0                DMA1_Channel7_IRQHandler
 .text.TIM3_IRQHandler
                0x0000000008001934       0x2c Core/Src/stm32f1xx_it.o
                0x0000000008001934                TIM3_IRQHandler
 .text.SystemInit
                0x0000000008001960       0x68 Core/Src/system_stm32f1xx.o
                0x0000000008001960                SystemInit
 .text.Reset_Handler
                0x00000000080019c8       0x48 Core/Startup/startup_stm32f103c8tx.o
                0x00000000080019c8                Reset_Handler
 .text.Default_Handler
                0x0000000008001a10        0x2 Core/Startup/startup_stm32f103c8tx.o
                0x0000000008001a10                RTC_Alarm_IRQHandler
                0x0000000008001a10                EXTI2_IRQHandler
                0x0000000008001a10                TIM1_CC_IRQHandler
                0x0000000008001a10                PVD_IRQHandler
                0x0000000008001a10                EXTI3_IRQHandler
                0x0000000008001a10                EXTI0_IRQHandler
                0x0000000008001a10                I2C2_EV_IRQHandler
                0x0000000008001a10                ADC1_2_IRQHandler
                0x0000000008001a10                SPI1_IRQHandler
                0x0000000008001a10                TAMPER_IRQHandler
                0x0000000008001a10                DMA1_Channel4_IRQHandler
                0x0000000008001a10                USART3_IRQHandler
                0x0000000008001a10                RTC_IRQHandler
                0x0000000008001a10                CAN1_RX1_IRQHandler
                0x0000000008001a10                TIM4_IRQHandler
                0x0000000008001a10                I2C1_EV_IRQHandler
                0x0000000008001a10                DMA1_Channel6_IRQHandler
                0x0000000008001a10                RCC_IRQHandler
                0x0000000008001a10                TIM1_TRG_COM_IRQHandler
                0x0000000008001a10                DMA1_Channel1_IRQHandler
                0x0000000008001a10                Default_Handler
                0x0000000008001a10                EXTI15_10_IRQHandler
                0x0000000008001a10                EXTI9_5_IRQHandler
                0x0000000008001a10                SPI2_IRQHandler
                0x0000000008001a10                DMA1_Channel5_IRQHandler
                0x0000000008001a10                EXTI4_IRQHandler
                0x0000000008001a10                USB_LP_CAN1_RX0_IRQHandler
                0x0000000008001a10                USB_HP_CAN1_TX_IRQHandler
                0x0000000008001a10                TIM1_UP_IRQHandler
                0x0000000008001a10                WWDG_IRQHandler
                0x0000000008001a10                TIM2_IRQHandler
                0x0000000008001a10                TIM1_BRK_IRQHandler
                0x0000000008001a10                EXTI1_IRQHandler
                0x0000000008001a10                USART2_IRQHandler
                0x0000000008001a10                I2C2_ER_IRQHandler
                0x0000000008001a10                DMA1_Channel2_IRQHandler
                0x0000000008001a10                CAN1_SCE_IRQHandler
                0x0000000008001a10                FLASH_IRQHandler
                0x0000000008001a10                USART1_IRQHandler
                0x0000000008001a10                I2C1_ER_IRQHandler
                0x0000000008001a10                USBWakeUp_IRQHandler
 .text.LL_GPIO_SetPinMode
                0x0000000008001a12       0x64 Drivers/STM32F1xx_HAL_Driver/Src/stm32f1xx_ll_gpio.o
 .text.LL_GPIO_SetPinSpeed
                0x0000000008001a76       0x64 Drivers/STM32F1xx_HAL_Driver/Src/stm32f1xx_ll_gpio.o
 .text.LL_GPIO_SetPinOutputType
                0x0000000008001ada       0x64 Drivers/STM32F1xx_HAL_Driver/Src/stm32f1xx_ll_gpio.o
 .text.LL_GPIO_SetPinPull
                0x0000000008001b3e       0x44 Drivers/STM32F1xx_HAL_Driver/Src/stm32f1xx_ll_gpio.o
 .text.LL_GPIO_Init
                0x0000000008001b82       0xc4 Drivers/STM32F1xx_HAL_Driver/Src/stm32f1xx_ll_gpio.o
                0x0000000008001b82                LL_GPIO_Init
 .text.LL_SPI_IsEnabled
                0x0000000008001c46       0x24 Drivers/STM32F1xx_HAL_Driver/Src/stm32f1xx_ll_spi.o
 .text.LL_SPI_SetCRCPolynomial
                0x0000000008001c6a       0x1e Drivers/STM32F1xx_HAL_Driver/Src/stm32f1xx_ll_spi.o
 .text.LL_SPI_Init
                0x0000000008001c88       0x98 Drivers/STM32F1xx_HAL_Driver/Src/stm32f1xx_ll_spi.o
                0x0000000008001c88                LL_SPI_Init
 .text.LL_TIM_SetPrescaler
                0x0000000008001d20       0x1a Drivers/STM32F1xx_HAL_Driver/Src/stm32f1xx_ll_tim.o
 .text.LL_TIM_SetAutoReload
                0x0000000008001d3a       0x1a Drivers/STM32F1xx_HAL_Driver/Src/stm32f1xx_ll_tim.o
 .text.LL_TIM_SetRepetitionCounter
                0x0000000008001d54       0x1a Drivers/STM32F1xx_HAL_Driver/Src/stm32f1xx_ll_tim.o
 .text.LL_TIM_OC_SetCompareCH1
                0x0000000008001d6e       0x1a Drivers/STM32F1xx_HAL_Driver/Src/stm32f1xx_ll_tim.o
 .text.LL_TIM_OC_SetCompareCH2
                0x0000000008001d88       0x1a Drivers/STM32F1xx_HAL_Driver/Src/stm32f1xx_ll_tim.o
 .text.LL_TIM_OC_SetCompareCH3
                0x0000000008001da2       0x1a Drivers/STM32F1xx_HAL_Driver/Src/stm32f1xx_ll_tim.o
 .text.LL_TIM_OC_SetCompareCH4
                0x0000000008001dbc       0x1a Drivers/STM32F1xx_HAL_Driver/Src/stm32f1xx_ll_tim.o
 .text.LL_TIM_GenerateEvent_UPDATE
                0x0000000008001dd6       0x1e Drivers/STM32F1xx_HAL_Driver/Src/stm32f1xx_ll_tim.o
 .text.LL_TIM_Init
                0x0000000008001df4       0xbc Drivers/STM32F1xx_HAL_Driver/Src/stm32f1xx_ll_tim.o
                0x0000000008001df4                LL_TIM_Init
 .text.LL_TIM_OC_Init
                0x0000000008001eb0       0x70 Drivers/STM32F1xx_HAL_Driver/Src/stm32f1xx_ll_tim.o
                0x0000000008001eb0                LL_TIM_OC_Init
 .text.LL_TIM_BDTR_Init
                0x0000000008001f20       0x90 Drivers/STM32F1xx_HAL_Driver/Src/stm32f1xx_ll_tim.o
                0x0000000008001f20                LL_TIM_BDTR_Init
 .text.OC1Config
                0x0000000008001fb0       0xcc Drivers/STM32F1xx_HAL_Driver/Src/stm32f1xx_ll_tim.o
 .text.OC2Config
                0x000000000800207c       0xd4 Drivers/STM32F1xx_HAL_Driver/Src/stm32f1xx_ll_tim.o
 .text.OC3Config
                0x0000000008002150       0xd4 Drivers/STM32F1xx_HAL_Driver/Src/stm32f1xx_ll_tim.o
 .text.OC4Config
                0x0000000008002224       0xa4 Drivers/STM32F1xx_HAL_Driver/Src/stm32f1xx_ll_tim.o
 .text.LL_InitTick
                0x00000000080022c8       0x34 Drivers/STM32F1xx_HAL_Driver/Src/stm32f1xx_ll_utils.o
 .text.LL_Init1msTick
                0x00000000080022fc       0x1a Drivers/STM32F1xx_HAL_Driver/Src/stm32f1xx_ll_utils.o
                0x00000000080022fc                LL_Init1msTick
 *fill*         0x0000000008002316        0x2 
 .text.LL_SetSystemCoreClock
                0x0000000008002318       0x1c Drivers/STM32F1xx_HAL_Driver/Src/stm32f1xx_ll_utils.o
                0x0000000008002318                LL_SetSystemCoreClock
 .text.LL_TIM_EnableCounter
                0x0000000008002334       0x1e Libraries/Src/delay.o
 .text.LL_TIM_SetPrescaler
                0x0000000008002352       0x1a Libraries/Src/delay.o
 .text.LL_TIM_SetAutoReload
                0x000000000800236c       0x1a Libraries/Src/delay.o
 .text.initDelay
                0x0000000008002386       0x26 Libraries/Src/delay.o
                0x0000000008002386                initDelay
 .text.delayMs  0x00000000080023ac       0x68 Libraries/Src/delay.o
                0x00000000080023ac                delayMs
 .text.LL_DMA_EnableChannel
                0x0000000008002414       0x3c Libraries/Src/diskio.o
 .text.LL_DMA_DisableChannel
                0x0000000008002450       0x3c Libraries/Src/diskio.o
 .text.LL_DMA_SetDataLength
                0x000000000800248c       0x44 Libraries/Src/diskio.o
 .text.LL_DMA_SetMemoryAddress
                0x00000000080024d0       0x30 Libraries/Src/diskio.o
 .text.LL_DMA_IsActiveFlag_TC4
                0x0000000008002500       0x26 Libraries/Src/diskio.o
 .text.LL_DMA_ClearFlag_TC4
                0x0000000008002526       0x1a Libraries/Src/diskio.o
 .text.LL_SPI_EnableDMAReq_RX
                0x0000000008002540       0x1e Libraries/Src/diskio.o
 .text.LL_SPI_DisableDMAReq_RX
                0x000000000800255e       0x1e Libraries/Src/diskio.o
 .text.LL_GPIO_SetOutputPin
                0x000000000800257c       0x1e Libraries/Src/diskio.o
 .text.LL_GPIO_ResetOutputPin
                0x000000000800259a       0x1e Libraries/Src/diskio.o
 .text.spiTransfer
                0x00000000080025b8       0x34 Libraries/Src/diskio.o
                0x00000000080025b8                spiTransfer
 .text.sendcommandanddummy
                0x00000000080025ec       0xbc Libraries/Src/diskio.o
                0x00000000080025ec                sendcommandanddummy
 .text.disk_status
                0x00000000080026a8       0x16 Libraries/Src/diskio.o
                0x00000000080026a8                disk_status
 *fill*         0x00000000080026be        0x2 
 .text.disk_initialize
                0x00000000080026c0      0x1c0 Libraries/Src/diskio.o
                0x00000000080026c0                disk_initialize
 .text.disk_read
                0x0000000008002880      0x144 Libraries/Src/diskio.o
                0x0000000008002880                disk_read
 .text.OLED_Driver_Write_Command
                0x00000000080029c4       0x54 Libraries/Src/display.o
                0x00000000080029c4                OLED_Driver_Write_Command
 .text.OLED_Driver_Write_Data
                0x0000000008002a18       0x54 Libraries/Src/display.o
                0x0000000008002a18                OLED_Driver_Write_Data
 .text.OLED_Driver_RAM_Address
                0x0000000008002a6c       0x50 Libraries/Src/display.o
                0x0000000008002a6c                OLED_Driver_RAM_Address
 .text.OLED_Driver_CUSTOM_RAM_Address
                0x0000000008002abc       0x80 Libraries/Src/display.o
                0x0000000008002abc                OLED_Driver_CUSTOM_RAM_Address
 .text.OLED_Driver_Clear_Screen
                0x0000000008002b3c       0x68 Libraries/Src/display.o
                0x0000000008002b3c                OLED_Driver_Clear_Screen
 .text.OLED_Driver_Device_Init
                0x0000000008002ba4      0x2fc Libraries/Src/display.o
                0x0000000008002ba4                OLED_Driver_Device_Init
 .text.ld_word  0x0000000008002ea0       0x2e Libraries/Src/ff.o
 .text.ld_dword
                0x0000000008002ece       0x44 Libraries/Src/ff.o
 .text.mem_cpy  0x0000000008002f12       0x40 Libraries/Src/ff.o
 .text.mem_set  0x0000000008002f52       0x32 Libraries/Src/ff.o
 .text.mem_cmp  0x0000000008002f84       0x4c Libraries/Src/ff.o
 .text.chk_chr  0x0000000008002fd0       0x34 Libraries/Src/ff.o
 .text.dbc_1st  0x0000000008003004       0x20 Libraries/Src/ff.o
 .text.dbc_2nd  0x0000000008003024       0x20 Libraries/Src/ff.o
 .text.move_window
                0x0000000008003044       0x50 Libraries/Src/ff.o
 .text.clst2sect
                0x0000000008003094       0x3c Libraries/Src/ff.o
 .text.get_fat  0x00000000080030d0      0x14a Libraries/Src/ff.o
 .text.dir_sdi  0x000000000800321a       0xf6 Libraries/Src/ff.o
 .text.dir_next
                0x0000000008003310       0xf0 Libraries/Src/ff.o
 .text.ld_clust
                0x0000000008003400       0x3e Libraries/Src/ff.o
 .text.dir_find
                0x000000000800343e       0xaa Libraries/Src/ff.o
 .text.create_name
                0x00000000080034e8      0x1a4 Libraries/Src/ff.o
 .text.follow_path
                0x000000000800368c       0xde Libraries/Src/ff.o
 .text.get_ldnumber
                0x000000000800376a       0x88 Libraries/Src/ff.o
 *fill*         0x00000000080037f2        0x2 
 .text.check_fs
                0x00000000080037f4       0xac Libraries/Src/ff.o
 .text.find_volume
                0x00000000080038a0      0x3cc Libraries/Src/ff.o
 .text.validate
                0x0000000008003c6c       0x6a Libraries/Src/ff.o
 *fill*         0x0000000008003cd6        0x2 
 .text.f_mount  0x0000000008003cd8       0x80 Libraries/Src/ff.o
                0x0000000008003cd8                f_mount
 .text.f_open   0x0000000008003d58       0xea Libraries/Src/ff.o
                0x0000000008003d58                f_open
 .text.f_read   0x0000000008003e42      0x1f6 Libraries/Src/ff.o
                0x0000000008003e42                f_read
 .text.__libc_init_array
                0x0000000008004038       0x48 g:/st/stm32cubeide_1.0.2/stm32cubeide/plugins/com.st.stm32cube.ide.mcu.externaltools.gnu-tools-for-stm32.7-2018-q2-update.win32_1.0.0.201904181610/tools/bin/../lib/gcc/arm-none-eabi/7.3.1/../../../../arm-none-eabi/lib/thumb/v7-m\libc_nano.a(lib_a-init.o)
                0x0000000008004038                __libc_init_array
 .text.memset   0x0000000008004080       0x10 g:/st/stm32cubeide_1.0.2/stm32cubeide/plugins/com.st.stm32cube.ide.mcu.externaltools.gnu-tools-for-stm32.7-2018-q2-update.win32_1.0.0.201904181610/tools/bin/../lib/gcc/arm-none-eabi/7.3.1/../../../../arm-none-eabi/lib/thumb/v7-m\libc_nano.a(lib_a-memset.o)
                0x0000000008004080                memset
 *(.glue_7)
 .glue_7        0x0000000008004090        0x0 linker stubs
 *(.glue_7t)
 .glue_7t       0x0000000008004090        0x0 linker stubs
 *(.eh_frame)
 .eh_frame      0x0000000008004090        0x0 g:/st/stm32cubeide_1.0.2/stm32cubeide/plugins/com.st.stm32cube.ide.mcu.externaltools.gnu-tools-for-stm32.7-2018-q2-update.win32_1.0.0.201904181610/tools/bin/../lib/gcc/arm-none-eabi/7.3.1/thumb/v7-m/crtbegin.o
 *(.init)
 .init          0x0000000008004090        0x4 g:/st/stm32cubeide_1.0.2/stm32cubeide/plugins/com.st.stm32cube.ide.mcu.externaltools.gnu-tools-for-stm32.7-2018-q2-update.win32_1.0.0.201904181610/tools/bin/../lib/gcc/arm-none-eabi/7.3.1/thumb/v7-m/crti.o
                0x0000000008004090                _init
 .init          0x0000000008004094        0x8 g:/st/stm32cubeide_1.0.2/stm32cubeide/plugins/com.st.stm32cube.ide.mcu.externaltools.gnu-tools-for-stm32.7-2018-q2-update.win32_1.0.0.201904181610/tools/bin/../lib/gcc/arm-none-eabi/7.3.1/thumb/v7-m/crtn.o
 *(.fini)
 .fini          0x000000000800409c        0x4 g:/st/stm32cubeide_1.0.2/stm32cubeide/plugins/com.st.stm32cube.ide.mcu.externaltools.gnu-tools-for-stm32.7-2018-q2-update.win32_1.0.0.201904181610/tools/bin/../lib/gcc/arm-none-eabi/7.3.1/thumb/v7-m/crti.o
                0x000000000800409c                _fini
 .fini          0x00000000080040a0        0x8 g:/st/stm32cubeide_1.0.2/stm32cubeide/plugins/com.st.stm32cube.ide.mcu.externaltools.gnu-tools-for-stm32.7-2018-q2-update.win32_1.0.0.201904181610/tools/bin/../lib/gcc/arm-none-eabi/7.3.1/thumb/v7-m/crtn.o
                0x00000000080040a8                . = ALIGN (0x4)
                0x00000000080040a8                _etext = .

.vfp11_veneer   0x00000000080040a8        0x0
 .vfp11_veneer  0x00000000080040a8        0x0 linker stubs

.v4_bx          0x00000000080040a8        0x0
 .v4_bx         0x00000000080040a8        0x0 linker stubs

.iplt           0x00000000080040a8        0x0
 .iplt          0x00000000080040a8        0x0 g:/st/stm32cubeide_1.0.2/stm32cubeide/plugins/com.st.stm32cube.ide.mcu.externaltools.gnu-tools-for-stm32.7-2018-q2-update.win32_1.0.0.201904181610/tools/bin/../lib/gcc/arm-none-eabi/7.3.1/thumb/v7-m/crtbegin.o

.rodata         0x00000000080040a8       0xe0
                0x00000000080040a8                . = ALIGN (0x4)
 *(.rodata)
 .rodata        0x00000000080040a8       0x1b Core/Src/main.o
 *fill*         0x00000000080040c3        0x1 
 .rodata        0x00000000080040c4       0x1a Libraries/Src/ff.o
 *(.rodata*)
 *fill*         0x00000000080040de        0x2 
 .rodata.CHANNEL_OFFSET_TAB
                0x00000000080040e0        0x7 Core/Src/main.o
 *fill*         0x00000000080040e7        0x1 
 .rodata.OFFSET_TAB_CCMRx
                0x00000000080040e8        0x7 Core/Src/main.o
 *fill*         0x00000000080040ef        0x1 
 .rodata.SHIFT_TAB_OCxx
                0x00000000080040f0        0x7 Core/Src/main.o
 *fill*         0x00000000080040f7        0x1 
 .rodata.CHANNEL_OFFSET_TAB
                0x00000000080040f8        0x7 Core/Src/stm32f1xx_it.o
 *fill*         0x00000000080040ff        0x1 
 .rodata.CHANNEL_OFFSET_TAB
                0x0000000008004100        0x7 Libraries/Src/diskio.o
 *fill*         0x0000000008004107        0x1 
 .rodata.ExCvt  0x0000000008004108       0x80 Libraries/Src/ff.o
                0x0000000008004188                . = ALIGN (0x4)

.rel.dyn        0x0000000008004188        0x0
 .rel.iplt      0x0000000008004188        0x0 g:/st/stm32cubeide_1.0.2/stm32cubeide/plugins/com.st.stm32cube.ide.mcu.externaltools.gnu-tools-for-stm32.7-2018-q2-update.win32_1.0.0.201904181610/tools/bin/../lib/gcc/arm-none-eabi/7.3.1/thumb/v7-m/crtbegin.o

.ARM.extab      0x0000000008004188        0x0
                0x0000000008004188                . = ALIGN (0x4)
 *(.ARM.extab* .gnu.linkonce.armextab.*)
                0x0000000008004188                . = ALIGN (0x4)

.ARM            0x0000000008004188        0x0
                0x0000000008004188                . = ALIGN (0x4)
                0x0000000008004188                __exidx_start = .
 *(.ARM.exidx*)
                0x0000000008004188                __exidx_end = .
                0x0000000008004188                . = ALIGN (0x4)

.preinit_array  0x0000000008004188        0x0
                0x0000000008004188                . = ALIGN (0x4)
                0x0000000008004188                PROVIDE (__preinit_array_start = .)
 *(.preinit_array*)
                0x0000000008004188                PROVIDE (__preinit_array_end = .)
                0x0000000008004188                . = ALIGN (0x4)

.init_array     0x0000000008004188        0x4
                0x0000000008004188                . = ALIGN (0x4)
                0x0000000008004188                PROVIDE (__init_array_start = .)
 *(SORT_BY_NAME(.init_array.*))
 *(.init_array*)
 .init_array    0x0000000008004188        0x4 g:/st/stm32cubeide_1.0.2/stm32cubeide/plugins/com.st.stm32cube.ide.mcu.externaltools.gnu-tools-for-stm32.7-2018-q2-update.win32_1.0.0.201904181610/tools/bin/../lib/gcc/arm-none-eabi/7.3.1/thumb/v7-m/crtbegin.o
                0x000000000800418c                PROVIDE (__init_array_end = .)
                0x000000000800418c                . = ALIGN (0x4)

.fini_array     0x000000000800418c        0x4
                0x000000000800418c                . = ALIGN (0x4)
                [!provide]                        PROVIDE (__fini_array_start = .)
 *(SORT_BY_NAME(.fini_array.*))
 *(.fini_array*)
 .fini_array    0x000000000800418c        0x4 g:/st/stm32cubeide_1.0.2/stm32cubeide/plugins/com.st.stm32cube.ide.mcu.externaltools.gnu-tools-for-stm32.7-2018-q2-update.win32_1.0.0.201904181610/tools/bin/../lib/gcc/arm-none-eabi/7.3.1/thumb/v7-m/crtbegin.o
                [!provide]                        PROVIDE (__fini_array_end = .)
                0x0000000008004190                . = ALIGN (0x4)
                0x0000000008004190                _sidata = LOADADDR (.data)

.data           0x0000000020000000        0x4 load address 0x0000000008004190
                0x0000000020000000                . = ALIGN (0x4)
                0x0000000020000000                _sdata = .
 *(.data)
 *(.data*)
 .data.SystemCoreClock
                0x0000000020000000        0x4 Core/Src/system_stm32f1xx.o
                0x0000000020000000                SystemCoreClock
                0x0000000020000004                . = ALIGN (0x4)
                0x0000000020000004                _edata = .

.igot.plt       0x0000000020000004        0x0 load address 0x0000000008004194
 .igot.plt      0x0000000020000004        0x0 g:/st/stm32cubeide_1.0.2/stm32cubeide/plugins/com.st.stm32cube.ide.mcu.externaltools.gnu-tools-for-stm32.7-2018-q2-update.win32_1.0.0.201904181610/tools/bin/../lib/gcc/arm-none-eabi/7.3.1/thumb/v7-m/crtbegin.o
                0x0000000020000004                . = ALIGN (0x4)

.bss            0x0000000020000004     0x22e8 load address 0x0000000008004194
                0x0000000020000004                _sbss = .
                0x0000000020000004                __bss_start__ = _sbss
 *(.bss)
 .bss           0x0000000020000004       0x1c g:/st/stm32cubeide_1.0.2/stm32cubeide/plugins/com.st.stm32cube.ide.mcu.externaltools.gnu-tools-for-stm32.7-2018-q2-update.win32_1.0.0.201904181610/tools/bin/../lib/gcc/arm-none-eabi/7.3.1/thumb/v7-m/crtbegin.o
 *(.bss*)
 .bss.crcvalue  0x0000000020000020        0x1 Libraries/Src/diskio.o
                0x0000000020000020                crcvalue
 *fill*         0x0000000020000021        0x3 
 .bss.FatFs     0x0000000020000024        0x4 Libraries/Src/ff.o
 .bss.Fsid      0x0000000020000028        0x2 Libraries/Src/ff.o
 *(COMMON)
 *fill*         0x000000002000002a        0x2 
 COMMON         0x000000002000002c     0x22ac Core/Src/main.o
                0x000000002000002c                audio_fil
                0x000000002000024c                vid_number_of_send
                0x0000000020000250                musicBuffer
                0x0000000020001250                filename
                0x0000000020001284                video_bufferCount
                0x0000000020001288                timer3_trigger
                0x000000002000128c                vid_buffer
                0x0000000020001e8c                vid_fil
                0x00000000200020ac                music_bufferCount
                0x00000000200020b0                fatfs_handler
 COMMON         0x00000000200022d8       0x14 Libraries/Src/diskio.o
                0x00000000200022d8                returneddata
                0x00000000200022ec                . = ALIGN (0x4)
                0x00000000200022ec                _ebss = .
                0x00000000200022ec                __bss_end__ = _ebss

._user_heap_stack
                0x00000000200022ec      0x604 load address 0x0000000008004194
                0x00000000200022f0                . = ALIGN (0x8)
 *fill*         0x00000000200022ec        0x4 
                0x00000000200022f0                PROVIDE (end = .)
                [!provide]                        PROVIDE (_end = .)
                0x00000000200024f0                . = (. + _Min_Heap_Size)
 *fill*         0x00000000200022f0      0x200 
                0x00000000200028f0                . = (. + _Min_Stack_Size)
 *fill*         0x00000000200024f0      0x400 
                0x00000000200028f0                . = ALIGN (0x8)

/DISCARD/
 libc.a(*)
 libm.a(*)
 libgcc.a(*)

.ARM.attributes
                0x0000000000000000       0x29
 *(.ARM.attributes)
 .ARM.attributes
                0x0000000000000000       0x1d g:/st/stm32cubeide_1.0.2/stm32cubeide/plugins/com.st.stm32cube.ide.mcu.externaltools.gnu-tools-for-stm32.7-2018-q2-update.win32_1.0.0.201904181610/tools/bin/../lib/gcc/arm-none-eabi/7.3.1/thumb/v7-m/crti.o
 .ARM.attributes
                0x000000000000001d       0x2d g:/st/stm32cubeide_1.0.2/stm32cubeide/plugins/com.st.stm32cube.ide.mcu.externaltools.gnu-tools-for-stm32.7-2018-q2-update.win32_1.0.0.201904181610/tools/bin/../lib/gcc/arm-none-eabi/7.3.1/thumb/v7-m/crtbegin.o
 .ARM.attributes
                0x000000000000004a       0x33 Core/Src/main.o
 .ARM.attributes
                0x000000000000007d       0x33 Core/Src/stm32f1xx_it.o
 .ARM.attributes
                0x00000000000000b0       0x33 Core/Src/system_stm32f1xx.o
 .ARM.attributes
                0x00000000000000e3       0x21 Core/Startup/startup_stm32f103c8tx.o
 .ARM.attributes
                0x0000000000000104       0x33 Drivers/STM32F1xx_HAL_Driver/Src/stm32f1xx_ll_gpio.o
 .ARM.attributes
                0x0000000000000137       0x33 Drivers/STM32F1xx_HAL_Driver/Src/stm32f1xx_ll_spi.o
 .ARM.attributes
                0x000000000000016a       0x33 Drivers/STM32F1xx_HAL_Driver/Src/stm32f1xx_ll_tim.o
 .ARM.attributes
                0x000000000000019d       0x33 Drivers/STM32F1xx_HAL_Driver/Src/stm32f1xx_ll_utils.o
 .ARM.attributes
                0x00000000000001d0       0x33 Libraries/Src/delay.o
 .ARM.attributes
                0x0000000000000203       0x33 Libraries/Src/diskio.o
 .ARM.attributes
                0x0000000000000236       0x33 Libraries/Src/display.o
 .ARM.attributes
                0x0000000000000269       0x33 Libraries/Src/ff.o
 .ARM.attributes
                0x000000000000029c       0x2d g:/st/stm32cubeide_1.0.2/stm32cubeide/plugins/com.st.stm32cube.ide.mcu.externaltools.gnu-tools-for-stm32.7-2018-q2-update.win32_1.0.0.201904181610/tools/bin/../lib/gcc/arm-none-eabi/7.3.1/../../../../arm-none-eabi/lib/thumb/v7-m\libc_nano.a(lib_a-init.o)
 .ARM.attributes
                0x00000000000002c9       0x2d g:/st/stm32cubeide_1.0.2/stm32cubeide/plugins/com.st.stm32cube.ide.mcu.externaltools.gnu-tools-for-stm32.7-2018-q2-update.win32_1.0.0.201904181610/tools/bin/../lib/gcc/arm-none-eabi/7.3.1/../../../../arm-none-eabi/lib/thumb/v7-m\libc_nano.a(lib_a-memset.o)
 .ARM.attributes
                0x00000000000002f6       0x1d g:/st/stm32cubeide_1.0.2/stm32cubeide/plugins/com.st.stm32cube.ide.mcu.externaltools.gnu-tools-for-stm32.7-2018-q2-update.win32_1.0.0.201904181610/tools/bin/../lib/gcc/arm-none-eabi/7.3.1/thumb/v7-m/crtn.o
OUTPUT(Test1.elf elf32-littlearm)

.debug_info     0x0000000000000000     0x7d6b
 .debug_info    0x0000000000000000     0x243e Core/Src/main.o
 .debug_info    0x000000000000243e      0xda3 Core/Src/stm32f1xx_it.o
 .debug_info    0x00000000000031e1      0x3e5 Core/Src/system_stm32f1xx.o
 .debug_info    0x00000000000035c6       0x22 Core/Startup/startup_stm32f103c8tx.o
 .debug_info    0x00000000000035e8      0x670 Drivers/STM32F1xx_HAL_Driver/Src/stm32f1xx_ll_gpio.o
 .debug_info    0x0000000000003c58      0x48f Drivers/STM32F1xx_HAL_Driver/Src/stm32f1xx_ll_spi.o
 .debug_info    0x00000000000040e7      0xdfa Drivers/STM32F1xx_HAL_Driver/Src/stm32f1xx_ll_tim.o
 .debug_info    0x0000000000004ee1      0x775 Drivers/STM32F1xx_HAL_Driver/Src/stm32f1xx_ll_utils.o
 .debug_info    0x0000000000005656      0x372 Libraries/Src/delay.o
 .debug_info    0x00000000000059c8      0xae2 Libraries/Src/diskio.o
 .debug_info    0x00000000000064aa      0x896 Libraries/Src/display.o
 .debug_info    0x0000000000006d40     0x102b Libraries/Src/ff.o

.debug_abbrev   0x0000000000000000     0x162f
 .debug_abbrev  0x0000000000000000      0x34e Core/Src/main.o
 .debug_abbrev  0x000000000000034e      0x24f Core/Src/stm32f1xx_it.o
 .debug_abbrev  0x000000000000059d      0x134 Core/Src/system_stm32f1xx.o
 .debug_abbrev  0x00000000000006d1       0x12 Core/Startup/startup_stm32f103c8tx.o
 .debug_abbrev  0x00000000000006e3      0x210 Drivers/STM32F1xx_HAL_Driver/Src/stm32f1xx_ll_gpio.o
 .debug_abbrev  0x00000000000008f3      0x195 Drivers/STM32F1xx_HAL_Driver/Src/stm32f1xx_ll_spi.o
 .debug_abbrev  0x0000000000000a88      0x1ff Drivers/STM32F1xx_HAL_Driver/Src/stm32f1xx_ll_tim.o
 .debug_abbrev  0x0000000000000c87      0x211 Drivers/STM32F1xx_HAL_Driver/Src/stm32f1xx_ll_utils.o
 .debug_abbrev  0x0000000000000e98      0x14a Libraries/Src/delay.o
 .debug_abbrev  0x0000000000000fe2      0x252 Libraries/Src/diskio.o
 .debug_abbrev  0x0000000000001234      0x219 Libraries/Src/display.o
 .debug_abbrev  0x000000000000144d      0x1e2 Libraries/Src/ff.o

.debug_aranges  0x0000000000000000      0x888
 .debug_aranges
                0x0000000000000000      0x230 Core/Src/main.o
 .debug_aranges
                0x0000000000000230       0xe8 Core/Src/stm32f1xx_it.o
 .debug_aranges
                0x0000000000000318       0x28 Core/Src/system_stm32f1xx.o
 .debug_aranges
                0x0000000000000340       0x28 Core/Startup/startup_stm32f103c8tx.o
 .debug_aranges
                0x0000000000000368       0x60 Drivers/STM32F1xx_HAL_Driver/Src/stm32f1xx_ll_gpio.o
 .debug_aranges
                0x00000000000003c8       0x60 Drivers/STM32F1xx_HAL_Driver/Src/stm32f1xx_ll_spi.o
 .debug_aranges
                0x0000000000000428      0x128 Drivers/STM32F1xx_HAL_Driver/Src/stm32f1xx_ll_tim.o
 .debug_aranges
                0x0000000000000550       0xf0 Drivers/STM32F1xx_HAL_Driver/Src/stm32f1xx_ll_utils.o
 .debug_aranges
                0x0000000000000640       0x40 Libraries/Src/delay.o
 .debug_aranges
                0x0000000000000680       0x98 Libraries/Src/diskio.o
 .debug_aranges
                0x0000000000000718       0x90 Libraries/Src/display.o
 .debug_aranges
                0x00000000000007a8       0xe0 Libraries/Src/ff.o

.debug_ranges   0x0000000000000000      0x7d0
 .debug_ranges  0x0000000000000000      0x220 Core/Src/main.o
 .debug_ranges  0x0000000000000220       0xd8 Core/Src/stm32f1xx_it.o
 .debug_ranges  0x00000000000002f8       0x18 Core/Src/system_stm32f1xx.o
 .debug_ranges  0x0000000000000310       0x20 Core/Startup/startup_stm32f103c8tx.o
 .debug_ranges  0x0000000000000330       0x50 Drivers/STM32F1xx_HAL_Driver/Src/stm32f1xx_ll_gpio.o
 .debug_ranges  0x0000000000000380       0x50 Drivers/STM32F1xx_HAL_Driver/Src/stm32f1xx_ll_spi.o
 .debug_ranges  0x00000000000003d0      0x118 Drivers/STM32F1xx_HAL_Driver/Src/stm32f1xx_ll_tim.o
 .debug_ranges  0x00000000000004e8       0xe0 Drivers/STM32F1xx_HAL_Driver/Src/stm32f1xx_ll_utils.o
 .debug_ranges  0x00000000000005c8       0x30 Libraries/Src/delay.o
 .debug_ranges  0x00000000000005f8       0x88 Libraries/Src/diskio.o
 .debug_ranges  0x0000000000000680       0x80 Libraries/Src/display.o
 .debug_ranges  0x0000000000000700       0xd0 Libraries/Src/ff.o

.debug_macro    0x0000000000000000    0x13d9b
 .debug_macro   0x0000000000000000      0x2cd Core/Src/main.o
 .debug_macro   0x00000000000002cd      0xa8a Core/Src/main.o
 .debug_macro   0x0000000000000d57       0x2e Core/Src/main.o
 .debug_macro   0x0000000000000d85       0x22 Core/Src/main.o
 .debug_macro   0x0000000000000da7       0x22 Core/Src/main.o
 .debug_macro   0x0000000000000dc9       0x8e Core/Src/main.o
 .debug_macro   0x0000000000000e57       0x51 Core/Src/main.o
 .debug_macro   0x0000000000000ea8       0xef Core/Src/main.o
 .debug_macro   0x0000000000000f97       0x6a Core/Src/main.o
 .debug_macro   0x0000000000001001      0x1df Core/Src/main.o
 .debug_macro   0x00000000000011e0       0x1c Core/Src/main.o
 .debug_macro   0x00000000000011fc       0x22 Core/Src/main.o
 .debug_macro   0x000000000000121e       0xc3 Core/Src/main.o
 .debug_macro   0x00000000000012e1      0xd23 Core/Src/main.o
 .debug_macro   0x0000000000002004     0xe09e Core/Src/main.o
 .debug_macro   0x00000000000100a2       0x43 Core/Src/main.o
 .debug_macro   0x00000000000100e5      0x281 Core/Src/main.o
 .debug_macro   0x0000000000010366      0x2be Core/Src/main.o
 .debug_macro   0x0000000000010624       0xd7 Core/Src/main.o
 .debug_macro   0x00000000000106fb       0x74 Core/Src/main.o
 .debug_macro   0x000000000001076f       0xd0 Core/Src/main.o
 .debug_macro   0x000000000001083f       0x28 Core/Src/main.o
 .debug_macro   0x0000000000010867       0x2a Core/Src/main.o
 .debug_macro   0x0000000000010891       0x90 Core/Src/main.o
 .debug_macro   0x0000000000010921      0x116 Core/Src/main.o
 .debug_macro   0x0000000000010a37      0x57a Core/Src/main.o
 .debug_macro   0x0000000000010fb1      0x22a Core/Src/main.o
 .debug_macro   0x00000000000111db       0xf8 Core/Src/main.o
 .debug_macro   0x00000000000112d3       0xf5 Core/Src/main.o
 .debug_macro   0x00000000000113c8       0x8e Core/Src/main.o
 .debug_macro   0x0000000000011456      0x15a Core/Src/main.o
 .debug_macro   0x00000000000115b0       0x82 Core/Src/main.o
 .debug_macro   0x0000000000011632       0x46 Core/Src/main.o
 .debug_macro   0x0000000000011678       0x18 Core/Src/main.o
 .debug_macro   0x0000000000011690       0x3c Core/Src/main.o
 .debug_macro   0x00000000000116cc       0x34 Core/Src/main.o
 .debug_macro   0x0000000000011700       0x16 Core/Src/main.o
 .debug_macro   0x0000000000011716       0x97 Core/Src/main.o
 .debug_macro   0x00000000000117ad      0x32a Core/Src/main.o
 .debug_macro   0x0000000000011ad7       0xfd Core/Src/main.o
 .debug_macro   0x0000000000011bd4       0x10 Core/Src/main.o
 .debug_macro   0x0000000000011be4       0x52 Core/Src/main.o
 .debug_macro   0x0000000000011c36       0x1f Core/Src/main.o
 .debug_macro   0x0000000000011c55       0x43 Core/Src/main.o
 .debug_macro   0x0000000000011c98       0x20 Core/Src/main.o
 .debug_macro   0x0000000000011cb8      0x1a3 Core/Src/main.o
 .debug_macro   0x0000000000011e5b       0x10 Core/Src/main.o
 .debug_macro   0x0000000000011e6b       0x1c Core/Src/main.o
 .debug_macro   0x0000000000011e87       0x52 Core/Src/main.o
 .debug_macro   0x0000000000011ed9       0x40 Core/Src/main.o
 .debug_macro   0x0000000000011f19       0x10 Core/Src/main.o
 .debug_macro   0x0000000000011f29       0x40 Core/Src/main.o
 .debug_macro   0x0000000000011f69       0xd7 Core/Src/main.o
 .debug_macro   0x0000000000012040       0x1c Core/Src/main.o
 .debug_macro   0x000000000001205c       0x3d Core/Src/main.o
 .debug_macro   0x0000000000012099       0x16 Core/Src/main.o
 .debug_macro   0x00000000000120af      0x145 Core/Src/main.o
 .debug_macro   0x00000000000121f4      0x17c Core/Src/stm32f1xx_it.o
 .debug_macro   0x0000000000012370       0xc2 Core/Src/system_stm32f1xx.o
 .debug_macro   0x0000000000012432       0xf8 Drivers/STM32F1xx_HAL_Driver/Src/stm32f1xx_ll_gpio.o
 .debug_macro   0x000000000001252a      0x224 Drivers/STM32F1xx_HAL_Driver/Src/stm32f1xx_ll_gpio.o
 .debug_macro   0x000000000001274e      0x125 Drivers/STM32F1xx_HAL_Driver/Src/stm32f1xx_ll_spi.o
 .debug_macro   0x0000000000012873      0x110 Drivers/STM32F1xx_HAL_Driver/Src/stm32f1xx_ll_spi.o
 .debug_macro   0x0000000000012983      0x147 Drivers/STM32F1xx_HAL_Driver/Src/stm32f1xx_ll_tim.o
 .debug_macro   0x0000000000012aca      0x574 Drivers/STM32F1xx_HAL_Driver/Src/stm32f1xx_ll_tim.o
 .debug_macro   0x000000000001303e      0x133 Drivers/STM32F1xx_HAL_Driver/Src/stm32f1xx_ll_utils.o
 .debug_macro   0x0000000000013171       0xcf Libraries/Src/delay.o
 .debug_macro   0x0000000000013240      0x18e Libraries/Src/diskio.o
 .debug_macro   0x00000000000133ce       0xef Libraries/Src/diskio.o
 .debug_macro   0x00000000000134bd      0x154 Libraries/Src/diskio.o
 .debug_macro   0x0000000000013611      0x17c Libraries/Src/display.o
 .debug_macro   0x000000000001378d      0x60e Libraries/Src/ff.o

.debug_line     0x0000000000000000     0x585d
 .debug_line    0x0000000000000000      0xed3 Core/Src/main.o
 .debug_line    0x0000000000000ed3      0x822 Core/Src/stm32f1xx_it.o
 .debug_line    0x00000000000016f5      0x48d Core/Src/system_stm32f1xx.o
 .debug_line    0x0000000000001b82       0x84 Core/Startup/startup_stm32f103c8tx.o
 .debug_line    0x0000000000001c06      0x600 Drivers/STM32F1xx_HAL_Driver/Src/stm32f1xx_ll_gpio.o
 .debug_line    0x0000000000002206      0x59f Drivers/STM32F1xx_HAL_Driver/Src/stm32f1xx_ll_spi.o
 .debug_line    0x00000000000027a5      0x85a Drivers/STM32F1xx_HAL_Driver/Src/stm32f1xx_ll_tim.o
 .debug_line    0x0000000000002fff      0x729 Drivers/STM32F1xx_HAL_Driver/Src/stm32f1xx_ll_utils.o
 .debug_line    0x0000000000003728      0x4f9 Libraries/Src/delay.o
 .debug_line    0x0000000000003c21      0x801 Libraries/Src/diskio.o
 .debug_line    0x0000000000004422      0x818 Libraries/Src/display.o
 .debug_line    0x0000000000004c3a      0xc23 Libraries/Src/ff.o

.debug_str      0x0000000000000000    0x67f9d
 .debug_str     0x0000000000000000    0x6199d Core/Src/main.o
                                      0x61e7e (size before relaxing)
 .debug_str     0x000000000006199d      0x15d Core/Src/stm32f1xx_it.o
                                      0x5d274 (size before relaxing)
 .debug_str     0x0000000000061afa       0x74 Core/Src/system_stm32f1xx.o
                                      0x5430c (size before relaxing)
 .debug_str     0x0000000000061b6e       0x36 Core/Startup/startup_stm32f103c8tx.o
                                         0x73 (size before relaxing)
 .debug_str     0x0000000000061ba4      0x413 Drivers/STM32F1xx_HAL_Driver/Src/stm32f1xx_ll_gpio.o
                                      0x55c01 (size before relaxing)
 .debug_str     0x0000000000061fb7      0x782 Drivers/STM32F1xx_HAL_Driver/Src/stm32f1xx_ll_spi.o
                                      0x567e4 (size before relaxing)
 .debug_str     0x0000000000062739     0x1199 Drivers/STM32F1xx_HAL_Driver/Src/stm32f1xx_ll_tim.o
                                      0x58946 (size before relaxing)
 .debug_str     0x00000000000638d2      0xa89 Drivers/STM32F1xx_HAL_Driver/Src/stm32f1xx_ll_utils.o
                                      0x563fa (size before relaxing)
 .debug_str     0x000000000006435b       0x2b Libraries/Src/delay.o
                                      0x57046 (size before relaxing)
 .debug_str     0x0000000000064386      0x1ca Libraries/Src/diskio.o
                                      0x5ce32 (size before relaxing)
 .debug_str     0x0000000000064550      0x1cf Libraries/Src/display.o
                                      0x5cd29 (size before relaxing)
 .debug_str     0x000000000006471f     0x387e Libraries/Src/ff.o
                                      0x60527 (size before relaxing)

.comment        0x0000000000000000       0x7b
 .comment       0x0000000000000000       0x7b Core/Src/main.o
                                         0x7c (size before relaxing)
 .comment       0x000000000000007b       0x7c Core/Src/stm32f1xx_it.o
 .comment       0x000000000000007b       0x7c Core/Src/system_stm32f1xx.o
 .comment       0x000000000000007b       0x7c Drivers/STM32F1xx_HAL_Driver/Src/stm32f1xx_ll_gpio.o
 .comment       0x000000000000007b       0x7c Drivers/STM32F1xx_HAL_Driver/Src/stm32f1xx_ll_spi.o
 .comment       0x000000000000007b       0x7c Drivers/STM32F1xx_HAL_Driver/Src/stm32f1xx_ll_tim.o
 .comment       0x000000000000007b       0x7c Drivers/STM32F1xx_HAL_Driver/Src/stm32f1xx_ll_utils.o
 .comment       0x000000000000007b       0x7c Libraries/Src/delay.o
 .comment       0x000000000000007b       0x7c Libraries/Src/diskio.o
 .comment       0x000000000000007b       0x7c Libraries/Src/display.o
 .comment       0x000000000000007b       0x7c Libraries/Src/ff.o

.debug_frame    0x0000000000000000     0x2390
 .debug_frame   0x0000000000000000      0xa14 Core/Src/main.o
 .debug_frame   0x0000000000000a14      0x3a4 Core/Src/stm32f1xx_it.o
 .debug_frame   0x0000000000000db8       0x58 Core/Src/system_stm32f1xx.o
 .debug_frame   0x0000000000000e10      0x170 Drivers/STM32F1xx_HAL_Driver/Src/stm32f1xx_ll_gpio.o
 .debug_frame   0x0000000000000f80      0x170 Drivers/STM32F1xx_HAL_Driver/Src/stm32f1xx_ll_spi.o
 .debug_frame   0x00000000000010f0      0x538 Drivers/STM32F1xx_HAL_Driver/Src/stm32f1xx_ll_tim.o
 .debug_frame   0x0000000000001628      0x3dc Drivers/STM32F1xx_HAL_Driver/Src/stm32f1xx_ll_utils.o
 .debug_frame   0x0000000000001a04       0xcc Libraries/Src/delay.o
 .debug_frame   0x0000000000001ad0      0x284 Libraries/Src/diskio.o
 .debug_frame   0x0000000000001d54      0x230 Libraries/Src/display.o
 .debug_frame   0x0000000000001f84      0x3c0 Libraries/Src/ff.o
 .debug_frame   0x0000000000002344       0x2c g:/st/stm32cubeide_1.0.2/stm32cubeide/plugins/com.st.stm32cube.ide.mcu.externaltools.gnu-tools-for-stm32.7-2018-q2-update.win32_1.0.0.201904181610/tools/bin/../lib/gcc/arm-none-eabi/7.3.1/../../../../arm-none-eabi/lib/thumb/v7-m\libc_nano.a(lib_a-init.o)
 .debug_frame   0x0000000000002370       0x20 g:/st/stm32cubeide_1.0.2/stm32cubeide/plugins/com.st.stm32cube.ide.mcu.externaltools.gnu-tools-for-stm32.7-2018-q2-update.win32_1.0.0.201904181610/tools/bin/../lib/gcc/arm-none-eabi/7.3.1/../../../../arm-none-eabi/lib/thumb/v7-m\libc_nano.a(lib_a-memset.o)
